[0.004s][info][gc] Using Serial
[4.190s][info][gc] GC(0) Pause Young (Allocation Failure) 5M->2M(15M) 3.920ms
[4.241s][info][gc] GC(1) Pause Young (Allocation Failure) 7M->3M(15M) 1.724ms
[4.275s][info][gc] GC(2) Pause Young (Allocation Failure) 7M->3M(15M) 0.941ms
[4.463s][info][gc] GC(3) Pause Young (Allocation Failure) 7M->4M(15M) 0.945ms
[4.600s][info][gc] GC(4) Pause Young (Allocation Failure) 8M->4M(15M) 2.194ms
[30.716s][info][gc] GC(5) Pause Young (Allocation Failure) 9M->4M(15M) 4.920ms
[38.323s][info][gc] GC(6) Pause Young (Allocation Failure) 9M->4M(15M) 1.173ms
[38.330s][info][gc] GC(7) Pause Young (Allocation Failure) 9M->5M(15M) 0.976ms
[38.336s][info][gc] GC(8) Pause Young (Allocation Failure) 9M->5M(15M) 0.719ms
[38.341s][info][gc] GC(9) Pause Young (Allocation Failure) 9M->5M(15M) 0.714ms
[38.346s][info][gc] GC(10) Pause Young (Allocation Failure) 9M->5M(15M) 0.600ms
[38.351s][info][gc] GC(11) Pause Young (Allocation Failure) 9M->5M(15M) 0.653ms
[38.355s][info][gc] GC(12) Pause Young (Allocation Failure) 9M->5M(15M) 0.582ms
[38.359s][info][gc] GC(13) Pause Young (Allocation Failure) 9M->5M(15M) 0.566ms
[38.363s][info][gc] GC(14) Pause Young (Allocation Failure) 9M->4M(15M) 0.412ms
[38.365s][info][gc] GC(15) Pause Young (Allocation Failure) 9M->5M(15M) 0.489ms
[38.367s][info][gc] GC(16) Pause Young (Allocation Failure) 9M->4M(15M) 0.404ms
[38.368s][info][gc] GC(17) Pause Young (Allocation Failure) 9M->4M(15M) 0.416ms
[38.370s][info][gc] GC(18) Pause Young (Allocation Failure) 9M->4M(15M) 0.363ms
[38.371s][info][gc] GC(19) Pause Young (Allocation Failure) 9M->4M(15M) 0.359ms
[38.373s][info][gc] GC(20) Pause Young (Allocation Failure) 9M->5M(15M) 0.432ms
[38.374s][info][gc] GC(21) Pause Young (Allocation Failure) 9M->5M(15M) 0.193ms
[38.375s][info][gc] GC(22) Pause Young (Allocation Failure) 9M->4M(15M) 0.142ms
[38.376s][info][gc] GC(23) Pause Young (Allocation Failure) 9M->5M(15M) 0.136ms
[38.377s][info][gc] GC(24) Pause Young (Allocation Failure) 9M->5M(15M) 0.140ms
[38.378s][info][gc] GC(25) Pause Young (Allocation Failure) 9M->5M(15M) 0.139ms
[38.379s][info][gc] GC(26) Pause Young (Allocation Failure) 9M->5M(15M) 0.160ms
[38.380s][info][gc] GC(27) Pause Young (Allocation Failure) 9M->5M(15M) 0.159ms
[38.381s][info][gc] GC(28) Pause Young (Allocation Failure) 9M->5M(15M) 0.158ms
[38.382s][info][gc] GC(29) Pause Young (Allocation Failure) 9M->5M(15M) 0.158ms
[38.383s][info][gc] GC(30) Pause Young (Allocation Failure) 9M->5M(15M) 0.158ms
[38.384s][info][gc] GC(31) Pause Young (Allocation Failure) 9M->5M(15M) 0.160ms
[38.385s][info][gc] GC(32) Pause Young (Allocation Failure) 9M->5M(15M) 0.148ms
[38.386s][info][gc] GC(33) Pause Young (Allocation Failure) 9M->5M(15M) 0.146ms
[38.387s][info][gc] GC(34) Pause Young (Allocation Failure) 9M->5M(15M) 0.137ms
[38.388s][info][gc] GC(35) Pause Young (Allocation Failure) 9M->5M(15M) 0.134ms
[38.389s][info][gc] GC(36) Pause Young (Allocation Failure) 9M->5M(15M) 0.151ms
[38.390s][info][gc] GC(37) Pause Young (Allocation Failure) 9M->5M(15M) 0.149ms
[38.391s][info][gc] GC(38) Pause Young (Allocation Failure) 9M->4M(15M) 0.103ms
[38.392s][info][gc] GC(39) Pause Young (Allocation Failure) 9M->5M(15M) 0.121ms
[38.393s][info][gc] GC(40) Pause Young (Allocation Failure) 9M->5M(15M) 0.156ms
[38.394s][info][gc] GC(41) Pause Young (Allocation Failure) 9M->5M(15M) 0.134ms
[38.395s][info][gc] GC(42) Pause Young (Allocation Failure) 9M->5M(15M) 0.134ms
[38.396s][info][gc] GC(43) Pause Young (Allocation Failure) 9M->5M(15M) 0.116ms
[38.396s][info][gc] GC(44) Pause Young (Allocation Failure) 9M->5M(15M) 0.119ms
[38.397s][info][gc] GC(45) Pause Young (Allocation Failure) 9M->4M(15M) 0.101ms
[38.398s][info][gc] GC(46) Pause Young (Allocation Failure) 9M->4M(15M) 0.091ms
[38.399s][info][gc] GC(47) Pause Young (Allocation Failure) 9M->4M(15M) 0.107ms
[38.400s][info][gc] GC(48) Pause Young (Allocation Failure) 9M->4M(15M) 0.100ms
[38.401s][info][gc] GC(49) Pause Young (Allocation Failure) 9M->4M(15M) 0.090ms
[38.402s][info][gc] GC(50) Pause Young (Allocation Failure) 9M->5M(15M) 0.138ms
[38.402s][info][gc] GC(51) Pause Young (Allocation Failure) 9M->5M(15M) 0.138ms
[38.403s][info][gc] GC(52) Pause Young (Allocation Failure) 9M->5M(15M) 0.139ms
[38.404s][info][gc] GC(53) Pause Young (Allocation Failure) 9M->5M(15M) 0.142ms
[38.405s][info][gc] GC(54) Pause Young (Allocation Failure) 9M->4M(15M) 0.097ms
[38.406s][info][gc] GC(55) Pause Young (Allocation Failure) 9M->5M(15M) 0.107ms
[38.407s][info][gc] GC(56) Pause Young (Allocation Failure) 9M->5M(15M) 0.114ms
[38.408s][info][gc] GC(57) Pause Young (Allocation Failure) 9M->5M(15M) 0.120ms
[38.409s][info][gc] GC(58) Pause Young (Allocation Failure) 9M->5M(15M) 0.126ms
[38.410s][info][gc] GC(59) Pause Young (Allocation Failure) 9M->5M(15M) 0.135ms
[38.411s][info][gc] GC(60) Pause Young (Allocation Failure) 9M->4M(15M) 0.096ms
[38.412s][info][gc] GC(61) Pause Young (Allocation Failure) 9M->4M(15M) 0.136ms
[38.413s][info][gc] GC(62) Pause Young (Allocation Failure) 9M->5M(15M) 0.209ms
[38.414s][info][gc] GC(63) Pause Young (Allocation Failure) 9M->5M(15M) 0.125ms
[38.415s][info][gc] GC(64) Pause Young (Allocation Failure) 9M->5M(15M) 0.118ms
[38.416s][info][gc] GC(65) Pause Young (Allocation Failure) 9M->5M(15M) 0.114ms
[38.417s][info][gc] GC(66) Pause Young (Allocation Failure) 9M->5M(15M) 0.109ms
[38.417s][info][gc] GC(67) Pause Young (Allocation Failure) 9M->5M(15M) 0.106ms
[38.418s][info][gc] GC(68) Pause Young (Allocation Failure) 9M->5M(15M) 0.120ms
[38.419s][info][gc] GC(69) Pause Young (Allocation Failure) 9M->5M(15M) 0.109ms
[38.420s][info][gc] GC(70) Pause Young (Allocation Failure) 9M->5M(15M) 0.103ms
[38.421s][info][gc] GC(71) Pause Young (Allocation Failure) 9M->5M(15M) 0.108ms
[38.422s][info][gc] GC(72) Pause Young (Allocation Failure) 9M->4M(15M) 0.094ms
[38.423s][info][gc] GC(73) Pause Young (Allocation Failure) 9M->5M(15M) 0.111ms
[38.424s][info][gc] GC(74) Pause Young (Allocation Failure) 9M->5M(15M) 0.106ms
[38.425s][info][gc] GC(75) Pause Young (Allocation Failure) 9M->5M(15M) 0.107ms
[38.426s][info][gc] GC(76) Pause Young (Allocation Failure) 9M->5M(15M) 0.168ms
[38.427s][info][gc] GC(77) Pause Young (Allocation Failure) 9M->5M(15M) 0.106ms
[38.428s][info][gc] GC(78) Pause Young (Allocation Failure) 9M->5M(15M) 0.147ms
[38.428s][info][gc] GC(79) Pause Young (Allocation Failure) 9M->5M(15M) 0.141ms
[38.429s][info][gc] GC(80) Pause Young (Allocation Failure) 9M->5M(15M) 0.141ms
[38.430s][info][gc] GC(81) Pause Young (Allocation Failure) 9M->5M(15M) 0.135ms
[38.431s][info][gc] GC(82) Pause Young (Allocation Failure) 9M->5M(15M) 0.126ms
[38.431s][info][gc] GC(83) Pause Young (Allocation Failure) 9M->5M(15M) 0.123ms
[38.432s][info][gc] GC(84) Pause Young (Allocation Failure) 9M->5M(15M) 0.121ms
[38.433s][info][gc] GC(85) Pause Young (Allocation Failure) 9M->5M(15M) 0.116ms
[38.433s][info][gc] GC(86) Pause Young (Allocation Failure) 9M->5M(15M) 0.113ms
[38.434s][info][gc] GC(87) Pause Young (Allocation Failure) 9M->5M(15M) 0.115ms
[38.435s][info][gc] GC(88) Pause Young (Allocation Failure) 9M->5M(15M) 0.115ms
[38.435s][info][gc] GC(89) Pause Young (Allocation Failure) 9M->5M(15M) 0.148ms
[38.436s][info][gc] GC(90) Pause Young (Allocation Failure) 9M->5M(15M) 0.129ms
[38.437s][info][gc] GC(91) Pause Young (Allocation Failure) 9M->5M(15M) 0.094ms
[38.437s][info][gc] GC(92) Pause Young (Allocation Failure) 9M->5M(15M) 0.101ms
[38.438s][info][gc] GC(93) Pause Young (Allocation Failure) 9M->5M(15M) 0.108ms
[38.438s][info][gc] GC(94) Pause Young (Allocation Failure) 9M->5M(15M) 0.109ms
[38.439s][info][gc] GC(95) Pause Young (Allocation Failure) 9M->5M(15M) 0.125ms
[38.440s][info][gc] GC(96) Pause Young (Allocation Failure) 9M->5M(15M) 0.129ms
[38.441s][info][gc] GC(97) Pause Young (Allocation Failure) 9M->5M(15M) 0.093ms
[38.441s][info][gc] GC(98) Pause Young (Allocation Failure) 9M->5M(15M) 0.146ms
[38.442s][info][gc] GC(99) Pause Young (Allocation Failure) 9M->5M(15M) 0.143ms
[38.443s][info][gc] GC(100) Pause Young (Allocation Failure) 9M->5M(15M) 0.136ms
[38.443s][info][gc] GC(101) Pause Young (Allocation Failure) 9M->5M(15M) 0.133ms
[38.444s][info][gc] GC(102) Pause Young (Allocation Failure) 9M->4M(15M) 0.089ms
[38.445s][info][gc] GC(103) Pause Young (Allocation Failure) 9M->5M(15M) 0.101ms
[38.445s][info][gc] GC(104) Pause Young (Allocation Failure) 9M->5M(15M) 0.112ms
[38.446s][info][gc] GC(105) Pause Young (Allocation Failure) 9M->5M(15M) 0.111ms
[38.446s][info][gc] GC(106) Pause Young (Allocation Failure) 9M->5M(15M) 0.101ms
[38.447s][info][gc] GC(107) Pause Young (Allocation Failure) 9M->5M(15M) 0.114ms
[38.448s][info][gc] GC(108) Pause Young (Allocation Failure) 9M->5M(15M) 0.114ms
[38.448s][info][gc] GC(109) Pause Young (Allocation Failure) 9M->5M(15M) 0.128ms
[38.449s][info][gc] GC(110) Pause Young (Allocation Failure) 9M->5M(15M) 0.127ms
[38.450s][info][gc] GC(111) Pause Young (Allocation Failure) 9M->5M(15M) 0.130ms
[38.450s][info][gc] GC(112) Pause Young (Allocation Failure) 9M->5M(15M) 0.088ms
[38.451s][info][gc] GC(113) Pause Young (Allocation Failure) 9M->5M(15M) 0.101ms
[38.452s][info][gc] GC(114) Pause Young (Allocation Failure) 9M->5M(15M) 0.105ms
[38.452s][info][gc] GC(115) Pause Young (Allocation Failure) 9M->5M(15M) 0.134ms
[38.453s][info][gc] GC(116) Pause Young (Allocation Failure) 9M->5M(15M) 0.123ms
[38.454s][info][gc] GC(117) Pause Young (Allocation Failure) 9M->5M(15M) 0.144ms
[38.455s][info][gc] GC(118) Pause Young (Allocation Failure) 9M->5M(15M) 0.152ms
[38.455s][info][gc] GC(119) Pause Young (Allocation Failure) 9M->5M(15M) 0.151ms
[38.456s][info][gc] GC(120) Pause Young (Allocation Failure) 9M->5M(15M) 0.184ms
[38.457s][info][gc] GC(121) Pause Young (Allocation Failure) 9M->5M(15M) 0.194ms
[38.458s][info][gc] GC(122) Pause Young (Allocation Failure) 9M->5M(15M) 0.231ms
[38.459s][info][gc] GC(123) Pause Young (Allocation Failure) 9M->5M(15M) 0.276ms
[38.460s][info][gc] GC(124) Pause Young (Allocation Failure) 9M->5M(15M) 0.160ms
[38.461s][info][gc] GC(125) Pause Young (Allocation Failure) 9M->5M(15M) 0.162ms
[38.462s][info][gc] GC(126) Pause Young (Allocation Failure) 9M->5M(15M) 0.111ms
[38.462s][info][gc] GC(127) Pause Young (Allocation Failure) 9M->5M(15M) 0.108ms
[38.463s][info][gc] GC(128) Pause Young (Allocation Failure) 9M->5M(15M) 0.102ms
[38.464s][info][gc] GC(129) Pause Young (Allocation Failure) 9M->5M(15M) 0.127ms
[38.464s][info][gc] GC(130) Pause Young (Allocation Failure) 9M->5M(15M) 0.129ms
[38.465s][info][gc] GC(131) Pause Young (Allocation Failure) 9M->5M(15M) 0.105ms
[38.466s][info][gc] GC(132) Pause Young (Allocation Failure) 9M->5M(15M) 0.108ms
[38.466s][info][gc] GC(133) Pause Young (Allocation Failure) 9M->5M(15M) 0.096ms
[38.467s][info][gc] GC(134) Pause Young (Allocation Failure) 9M->5M(15M) 0.117ms
[38.468s][info][gc] GC(135) Pause Young (Allocation Failure) 9M->5M(15M) 0.111ms
[38.468s][info][gc] GC(136) Pause Young (Allocation Failure) 9M->5M(15M) 0.116ms
[38.469s][info][gc] GC(137) Pause Young (Allocation Failure) 9M->5M(15M) 0.135ms
[38.470s][info][gc] GC(138) Pause Young (Allocation Failure) 9M->5M(15M) 0.116ms
[38.470s][info][gc] GC(139) Pause Young (Allocation Failure) 9M->5M(15M) 0.128ms
[38.471s][info][gc] GC(140) Pause Young (Allocation Failure) 9M->5M(15M) 0.122ms
[38.472s][info][gc] GC(141) Pause Young (Allocation Failure) 9M->5M(15M) 0.120ms
[38.472s][info][gc] GC(142) Pause Young (Allocation Failure) 9M->5M(15M) 0.109ms
[38.473s][info][gc] GC(143) Pause Young (Allocation Failure) 9M->5M(15M) 0.113ms
[38.474s][info][gc] GC(144) Pause Young (Allocation Failure) 9M->5M(15M) 0.102ms
[38.474s][info][gc] GC(145) Pause Young (Allocation Failure) 9M->5M(15M) 0.098ms
[38.475s][info][gc] GC(146) Pause Young (Allocation Failure) 9M->5M(15M) 0.106ms
[38.476s][info][gc] GC(147) Pause Young (Allocation Failure) 9M->5M(15M) 0.114ms
[61.833s][info][gc] GC(148) Pause Young (Allocation Failure) 9M->5M(15M) 1.148ms
[102.004s][info][gc] GC(149) Pause Young (Allocation Failure) 9M->5M(15M) 1.348ms
[115.971s][info][gc] GC(150) Pause Young (Allocation Failure) 9M->5M(15M) 1.192ms
[115.974s][info][gc] GC(151) Pause Young (Allocation Failure) 9M->5M(15M) 0.729ms
[115.976s][info][gc] GC(152) Pause Young (Allocation Failure) 9M->5M(15M) 0.583ms
[115.978s][info][gc] GC(153) Pause Young (Allocation Failure) 9M->5M(15M) 0.559ms
[115.981s][info][gc] GC(154) Pause Young (Allocation Failure) 9M->5M(15M) 0.626ms
[115.982s][info][gc] GC(155) Pause Young (Allocation Failure) 9M->5M(15M) 0.515ms
[115.984s][info][gc] GC(156) Pause Young (Allocation Failure) 9M->5M(15M) 0.475ms
[115.986s][info][gc] GC(157) Pause Young (Allocation Failure) 9M->5M(15M) 0.472ms
[115.988s][info][gc] GC(158) Pause Young (Allocation Failure) 9M->5M(15M) 0.462ms
[115.990s][info][gc] GC(159) Pause Young (Allocation Failure) 9M->5M(15M) 0.423ms
[115.991s][info][gc] GC(160) Pause Young (Allocation Failure) 9M->5M(15M) 0.431ms
[115.993s][info][gc] GC(161) Pause Young (Allocation Failure) 9M->5M(15M) 0.416ms
[115.995s][info][gc] GC(162) Pause Young (Allocation Failure) 9M->5M(15M) 0.398ms
[115.996s][info][gc] GC(163) Pause Young (Allocation Failure) 9M->5M(15M) 0.394ms
[115.998s][info][gc] GC(164) Pause Young (Allocation Failure) 9M->5M(15M) 0.314ms
[115.999s][info][gc] GC(165) Pause Young (Allocation Failure) 9M->5M(15M) 0.277ms
[116.000s][info][gc] GC(166) Pause Young (Allocation Failure) 9M->5M(15M) 0.237ms
[116.002s][info][gc] GC(167) Pause Young (Allocation Failure) 9M->5M(15M) 0.303ms
[116.003s][info][gc] GC(168) Pause Young (Allocation Failure) 9M->5M(15M) 0.201ms
[116.005s][info][gc] GC(169) Pause Young (Allocation Failure) 9M->5M(15M) 0.206ms
[116.006s][info][gc] GC(170) Pause Young (Allocation Failure) 9M->5M(15M) 0.199ms
[116.007s][info][gc] GC(171) Pause Young (Allocation Failure) 9M->5M(15M) 0.227ms
[116.008s][info][gc] GC(172) Pause Young (Allocation Failure) 9M->5M(15M) 0.213ms
[116.009s][info][gc] GC(173) Pause Young (Allocation Failure) 9M->5M(15M) 0.269ms
[116.011s][info][gc] GC(174) Pause Young (Allocation Failure) 9M->5M(15M) 0.256ms
[116.012s][info][gc] GC(175) Pause Young (Allocation Failure) 9M->5M(15M) 0.265ms
[116.013s][info][gc] GC(176) Pause Young (Allocation Failure) 9M->5M(15M) 0.155ms
[116.014s][info][gc] GC(177) Pause Young (Allocation Failure) 9M->5M(15M) 0.159ms
[116.015s][info][gc] GC(178) Pause Young (Allocation Failure) 9M->5M(15M) 0.163ms
[116.016s][info][gc] GC(179) Pause Young (Allocation Failure) 9M->5M(15M) 0.181ms
[116.017s][info][gc] GC(180) Pause Young (Allocation Failure) 9M->5M(15M) 0.199ms
[116.018s][info][gc] GC(181) Pause Young (Allocation Failure) 9M->5M(15M) 0.206ms
[116.019s][info][gc] GC(182) Pause Young (Allocation Failure) 9M->5M(15M) 0.204ms
[116.020s][info][gc] GC(183) Pause Young (Allocation Failure) 9M->5M(15M) 0.218ms
[116.021s][info][gc] GC(184) Pause Young (Allocation Failure) 9M->5M(15M) 0.206ms
[116.022s][info][gc] GC(185) Pause Young (Allocation Failure) 9M->5M(15M) 0.199ms
[116.023s][info][gc] GC(186) Pause Young (Allocation Failure) 9M->5M(15M) 0.168ms
[116.024s][info][gc] GC(187) Pause Young (Allocation Failure) 9M->5M(15M) 0.174ms
[116.025s][info][gc] GC(188) Pause Young (Allocation Failure) 9M->5M(15M) 0.171ms
[116.026s][info][gc] GC(189) Pause Young (Allocation Failure) 9M->5M(15M) 0.185ms
[116.027s][info][gc] GC(190) Pause Young (Allocation Failure) 9M->5M(15M) 0.186ms
[116.028s][info][gc] GC(191) Pause Young (Allocation Failure) 9M->5M(15M) 0.185ms
[116.029s][info][gc] GC(192) Pause Young (Allocation Failure) 9M->5M(15M) 0.191ms
[116.030s][info][gc] GC(193) Pause Young (Allocation Failure) 9M->5M(15M) 0.134ms
[116.031s][info][gc] GC(194) Pause Young (Allocation Failure) 9M->5M(15M) 0.133ms
[116.032s][info][gc] GC(195) Pause Young (Allocation Failure) 9M->5M(15M) 0.147ms
[116.033s][info][gc] GC(196) Pause Young (Allocation Failure) 9M->5M(15M) 0.146ms
[116.033s][info][gc] GC(197) Pause Young (Allocation Failure) 9M->5M(15M) 0.155ms
[116.034s][info][gc] GC(198) Pause Young (Allocation Failure) 9M->5M(15M) 0.160ms
[116.035s][info][gc] GC(199) Pause Young (Allocation Failure) 9M->5M(15M) 0.168ms
[116.036s][info][gc] GC(200) Pause Young (Allocation Failure) 9M->5M(15M) 0.174ms
[116.037s][info][gc] GC(201) Pause Young (Allocation Failure) 9M->5M(15M) 0.173ms
[116.038s][info][gc] GC(202) Pause Young (Allocation Failure) 9M->5M(15M) 0.153ms
[116.039s][info][gc] GC(203) Pause Young (Allocation Failure) 9M->5M(15M) 0.150ms
[116.039s][info][gc] GC(204) Pause Young (Allocation Failure) 9M->5M(15M) 0.158ms
[116.040s][info][gc] GC(205) Pause Young (Allocation Failure) 9M->5M(15M) 0.155ms
[116.041s][info][gc] GC(206) Pause Young (Allocation Failure) 9M->5M(15M) 0.157ms
[116.042s][info][gc] GC(207) Pause Young (Allocation Failure) 9M->5M(15M) 0.147ms
[116.043s][info][gc] GC(208) Pause Young (Allocation Failure) 9M->5M(15M) 0.144ms
[116.043s][info][gc] GC(209) Pause Young (Allocation Failure) 9M->5M(15M) 0.160ms
[116.044s][info][gc] GC(210) Pause Young (Allocation Failure) 9M->5M(15M) 0.158ms
[116.045s][info][gc] GC(211) Pause Young (Allocation Failure) 9M->5M(15M) 0.158ms
[116.046s][info][gc] GC(212) Pause Young (Allocation Failure) 9M->5M(15M) 0.168ms
[116.047s][info][gc] GC(213) Pause Young (Allocation Failure) 9M->5M(15M) 0.133ms
[116.047s][info][gc] GC(214) Pause Young (Allocation Failure) 9M->5M(15M) 0.134ms
[116.048s][info][gc] GC(215) Pause Young (Allocation Failure) 9M->5M(15M) 0.133ms
[116.049s][info][gc] GC(216) Pause Young (Allocation Failure) 9M->5M(15M) 0.150ms
[116.049s][info][gc] GC(217) Pause Young (Allocation Failure) 9M->5M(15M) 0.132ms
[116.050s][info][gc] GC(218) Pause Young (Allocation Failure) 9M->5M(15M) 0.120ms
[116.051s][info][gc] GC(219) Pause Young (Allocation Failure) 9M->5M(15M) 0.118ms
[116.052s][info][gc] GC(220) Pause Young (Allocation Failure) 9M->5M(15M) 0.119ms
[116.052s][info][gc] GC(221) Pause Young (Allocation Failure) 9M->5M(15M) 0.123ms
[116.053s][info][gc] GC(222) Pause Young (Allocation Failure) 9M->5M(15M) 0.135ms
[116.054s][info][gc] GC(223) Pause Young (Allocation Failure) 9M->5M(15M) 0.120ms
[116.055s][info][gc] GC(224) Pause Young (Allocation Failure) 9M->5M(15M) 0.199ms
[116.055s][info][gc] GC(225) Pause Young (Allocation Failure) 9M->5M(15M) 0.128ms
[116.056s][info][gc] GC(226) Pause Young (Allocation Failure) 9M->5M(15M) 0.238ms
[116.057s][info][gc] GC(227) Pause Young (Allocation Failure) 9M->5M(15M) 0.109ms
[116.058s][info][gc] GC(228) Pause Young (Allocation Failure) 9M->5M(15M) 0.099ms
[116.058s][info][gc] GC(229) Pause Young (Allocation Failure) 9M->5M(15M) 0.095ms
[116.059s][info][gc] GC(230) Pause Young (Allocation Failure) 9M->5M(15M) 0.098ms
[116.060s][info][gc] GC(231) Pause Young (Allocation Failure) 9M->5M(15M) 0.097ms
[116.060s][info][gc] GC(232) Pause Young (Allocation Failure) 9M->5M(15M) 0.140ms
[116.061s][info][gc] GC(233) Pause Young (Allocation Failure) 9M->5M(15M) 0.090ms
[116.062s][info][gc] GC(234) Pause Young (Allocation Failure) 9M->5M(15M) 0.104ms
[116.062s][info][gc] GC(235) Pause Young (Allocation Failure) 9M->5M(15M) 0.113ms
[116.063s][info][gc] GC(236) Pause Young (Allocation Failure) 9M->5M(15M) 0.128ms
[116.064s][info][gc] GC(237) Pause Young (Allocation Failure) 9M->5M(15M) 0.130ms
[116.064s][info][gc] GC(238) Pause Young (Allocation Failure) 9M->5M(15M) 0.143ms
[116.065s][info][gc] GC(239) Pause Young (Allocation Failure) 9M->5M(15M) 0.136ms
[116.066s][info][gc] GC(240) Pause Young (Allocation Failure) 9M->5M(15M) 0.144ms
[116.067s][info][gc] GC(241) Pause Young (Allocation Failure) 9M->5M(15M) 0.177ms
[116.067s][info][gc] GC(242) Pause Young (Allocation Failure) 9M->5M(15M) 0.158ms
[116.068s][info][gc] GC(243) Pause Young (Allocation Failure) 9M->5M(15M) 0.158ms
[116.069s][info][gc] GC(244) Pause Young (Allocation Failure) 9M->5M(15M) 0.099ms
[116.070s][info][gc] GC(245) Pause Young (Allocation Failure) 9M->5M(15M) 0.138ms
[116.070s][info][gc] GC(246) Pause Young (Allocation Failure) 9M->5M(15M) 0.110ms
[116.071s][info][gc] GC(247) Pause Young (Allocation Failure) 9M->5M(15M) 0.117ms
[116.072s][info][gc] GC(248) Pause Young (Allocation Failure) 9M->5M(15M) 0.111ms
[116.072s][info][gc] GC(249) Pause Young (Allocation Failure) 9M->5M(15M) 0.121ms
[116.073s][info][gc] GC(250) Pause Young (Allocation Failure) 9M->5M(15M) 0.122ms
[116.074s][info][gc] GC(251) Pause Young (Allocation Failure) 9M->5M(15M) 0.221ms
[116.075s][info][gc] GC(252) Pause Young (Allocation Failure) 9M->5M(15M) 0.121ms
[116.075s][info][gc] GC(253) Pause Young (Allocation Failure) 9M->5M(15M) 0.129ms
[116.076s][info][gc] GC(254) Pause Young (Allocation Failure) 9M->5M(15M) 0.128ms
[116.077s][info][gc] GC(255) Pause Young (Allocation Failure) 9M->5M(15M) 0.131ms
[116.078s][info][gc] GC(256) Pause Young (Allocation Failure) 9M->5M(15M) 0.125ms
[116.079s][info][gc] GC(257) Pause Young (Allocation Failure) 9M->5M(15M) 0.247ms
[116.080s][info][gc] GC(258) Pause Young (Allocation Failure) 9M->5M(15M) 0.255ms
[116.081s][info][gc] GC(259) Pause Young (Allocation Failure) 9M->5M(15M) 0.221ms
[116.082s][info][gc] GC(260) Pause Young (Allocation Failure) 9M->5M(15M) 0.136ms
[116.082s][info][gc] GC(261) Pause Young (Allocation Failure) 9M->5M(15M) 0.182ms
[116.083s][info][gc] GC(262) Pause Young (Allocation Failure) 9M->5M(15M) 0.145ms
[116.084s][info][gc] GC(263) Pause Young (Allocation Failure) 9M->5M(15M) 0.145ms
[116.085s][info][gc] GC(264) Pause Young (Allocation Failure) 9M->5M(15M) 0.093ms
[116.085s][info][gc] GC(265) Pause Young (Allocation Failure) 9M->5M(15M) 0.151ms
[116.086s][info][gc] GC(266) Pause Young (Allocation Failure) 9M->5M(15M) 0.101ms
[116.087s][info][gc] GC(267) Pause Young (Allocation Failure) 9M->5M(15M) 0.100ms
[116.087s][info][gc] GC(268) Pause Young (Allocation Failure) 9M->5M(15M) 0.100ms
[116.088s][info][gc] GC(269) Pause Young (Allocation Failure) 9M->5M(15M) 0.119ms
[116.089s][info][gc] GC(270) Pause Young (Allocation Failure) 9M->5M(15M) 0.108ms
[116.089s][info][gc] GC(271) Pause Young (Allocation Failure) 9M->5M(15M) 0.110ms
[116.090s][info][gc] GC(272) Pause Young (Allocation Failure) 9M->5M(15M) 0.116ms
[116.091s][info][gc] GC(273) Pause Young (Allocation Failure) 9M->5M(15M) 0.129ms
[116.091s][info][gc] GC(274) Pause Young (Allocation Failure) 9M->5M(15M) 0.137ms
[116.092s][info][gc] GC(275) Pause Young (Allocation Failure) 9M->5M(15M) 0.138ms
[116.093s][info][gc] GC(276) Pause Young (Allocation Failure) 9M->5M(15M) 0.141ms
[116.094s][info][gc] GC(277) Pause Young (Allocation Failure) 9M->5M(15M) 0.139ms
[116.094s][info][gc] GC(278) Pause Young (Allocation Failure) 9M->5M(15M) 0.164ms
[116.095s][info][gc] GC(279) Pause Young (Allocation Failure) 9M->5M(15M) 0.158ms
[116.096s][info][gc] GC(280) Pause Young (Allocation Failure) 9M->5M(15M) 0.144ms
[116.096s][info][gc] GC(281) Pause Young (Allocation Failure) 9M->5M(15M) 0.105ms
[116.097s][info][gc] GC(282) Pause Young (Allocation Failure) 9M->5M(15M) 0.103ms
[116.098s][info][gc] GC(283) Pause Young (Allocation Failure) 9M->5M(15M) 0.104ms
[116.098s][info][gc] GC(284) Pause Young (Allocation Failure) 9M->5M(15M) 0.117ms
[116.099s][info][gc] GC(285) Pause Young (Allocation Failure) 9M->5M(15M) 0.130ms
[116.100s][info][gc] GC(286) Pause Young (Allocation Failure) 9M->5M(15M) 0.130ms
[116.100s][info][gc] GC(287) Pause Young (Allocation Failure) 9M->5M(15M) 0.118ms
[116.101s][info][gc] GC(288) Pause Young (Allocation Failure) 9M->5M(15M) 0.129ms
[116.102s][info][gc] GC(289) Pause Young (Allocation Failure) 9M->5M(15M) 0.123ms
[116.103s][info][gc] GC(290) Pause Young (Allocation Failure) 9M->5M(15M) 0.124ms
[116.103s][info][gc] GC(291) Pause Young (Allocation Failure) 9M->5M(15M) 0.122ms
[131.121s][info][gc] GC(292) Pause Young (Allocation Failure) 9M->5M(15M) 1.442ms
