[0.004s][info][gc] Using G1
[4.406s][info][gc] GC(0) Pause Young (Normal) (G1 Evacuation Pause) 6M->3M(16M) 2.349ms
[4.429s][info][gc] GC(1) Pause Young (Normal) (G1 Evacuation Pause) 5M->3M(16M) 1.224ms
[4.459s][info][gc] GC(2) Pause Young (Normal) (G1 Evacuation Pause) 6M->3M(16M) 1.075ms
[4.476s][info][gc] GC(3) Pause Young (Normal) (G1 Evacuation Pause) 6M->4M(16M) 0.894ms
[4.688s][info][gc] GC(4) Pause Young (Normal) (G1 Evacuation Pause) 8M->4M(16M) 1.092ms
[5.774s][info][gc] GC(5) Pause Young (Normal) (G1 Evacuation Pause) 8M->5M(16M) 4.579ms
[31.858s][info][gc] GC(6) Pause Young (Normal) (G1 Evacuation Pause) 9M->5M(16M) 4.067ms
[58.976s][info][gc] GC(7) Pause Young (Normal) (G1 Evacuation Pause) 8M->5M(16M) 1.703ms
[79.336s][info][gc] GC(8) Pause Young (Concurrent Start) (G1 Humongous Allocation) 7M->5M(16M) 1.477ms
[79.336s][info][gc] GC(9) Concurrent Undo Cycle
[79.337s][info][gc] GC(9) Concurrent Undo Cycle 0.080ms
[116.213s][info][gc] GC(10) Pause Young (Normal) (G1 Evacuation Pause) 11M->7M(16M) 1.406ms
[143.329s][info][gc] GC(11) Pause Young (Concurrent Start) (G1 Evacuation Pause) 10M->7M(16M) 2.090ms
[143.329s][info][gc] GC(12) Concurrent Mark Cycle
[143.344s][info][gc] GC(12) Pause Remark 7M->7M(16M) 5.993ms
[143.348s][info][gc] GC(12) Pause Cleanup 7M->7M(16M) 0.039ms
[143.348s][info][gc] GC(12) Concurrent Mark Cycle 19.222ms
[169.435s][info][gc] GC(13) Pause Young (Normal) (G1 Evacuation Pause) 10M->7M(16M) 1.851ms
[197.557s][info][gc] GC(14) Pause Young (Concurrent Start) (G1 Evacuation Pause) 10M->7M(16M) 2.829ms
[197.557s][info][gc] GC(15) Concurrent Mark Cycle
[197.569s][info][gc] GC(15) Pause Remark 7M->7M(16M) 3.669ms
[197.571s][info][gc] GC(15) Pause Cleanup 7M->7M(16M) 0.028ms
[197.571s][info][gc] GC(15) Concurrent Mark Cycle 14.509ms
[204.852s][info][gc] GC(16) Pause Young (Concurrent Start) (G1 Humongous Allocation) 8M->7M(16M) 1.664ms
[204.852s][info][gc] GC(17) Concurrent Mark Cycle
[204.860s][info][gc] GC(17) Pause Remark 9M->9M(16M) 2.430ms
[204.863s][info][gc] GC(17) Pause Cleanup 9M->9M(16M) 0.024ms
[204.863s][info][gc] GC(17) Concurrent Mark Cycle 11.194ms
[232.688s][info][gc] GC(18) Pause Young (Normal) (G1 Preventive Collection) 12M->9M(16M) 0.816ms
[242.731s][info][gc] GC(19) Pause Young (Concurrent Start) (G1 Evacuation Pause) 10M->9M(16M) 0.824ms
[242.731s][info][gc] GC(20) Concurrent Mark Cycle
[242.735s][info][gc] GC(20) Pause Remark 9M->9M(16M) 1.142ms
[242.736s][info][gc] GC(20) Pause Cleanup 9M->9M(16M) 0.010ms
[242.736s][info][gc] GC(20) Concurrent Mark Cycle 4.822ms
[250.764s][info][gc] GC(21) Pause Young (Normal) (G1 Evacuation Pause) 10M->9M(16M) 0.801ms
[259.810s][info][gc] GC(22) Pause Young (Concurrent Start) (G1 Evacuation Pause) 10M->9M(16M) 1.012ms
[259.810s][info][gc] GC(23) Concurrent Mark Cycle
[259.815s][info][gc] GC(23) Pause Remark 9M->9M(16M) 1.693ms
[259.816s][info][gc] GC(23) Pause Cleanup 9M->9M(16M) 0.011ms
[259.817s][info][gc] GC(23) Concurrent Mark Cycle 6.518ms
[268.817s][info][gc] GC(24) Pause Young (Normal) (G1 Evacuation Pause) 10M->9M(16M) 0.798ms
[276.864s][info][gc] GC(25) Pause Young (Concurrent Start) (G1 Evacuation Pause) 10M->9M(16M) 1.296ms
[276.864s][info][gc] GC(26) Concurrent Mark Cycle
[276.869s][info][gc] GC(26) Pause Remark 9M->9M(16M) 1.300ms
[276.870s][info][gc] GC(26) Pause Cleanup 9M->9M(16M) 0.015ms
[276.870s][info][gc] GC(26) Concurrent Mark Cycle 5.980ms
[285.888s][info][gc] GC(27) Pause Young (Normal) (G1 Evacuation Pause) 10M->9M(16M) 0.911ms
[294.911s][info][gc] GC(28) Pause Young (Concurrent Start) (G1 Evacuation Pause) 10M->9M(16M) 0.999ms
[294.911s][info][gc] GC(29) Concurrent Mark Cycle
[294.915s][info][gc] GC(29) Pause Remark 9M->9M(16M) 1.766ms
[294.916s][info][gc] GC(29) Pause Cleanup 9M->9M(16M) 0.011ms
[294.916s][info][gc] GC(29) Concurrent Mark Cycle 5.429ms
[303.922s][info][gc] GC(30) Pause Young (Normal) (G1 Evacuation Pause) 10M->9M(16M) 0.584ms
[310.965s][info][gc] GC(31) Pause Young (Concurrent Start) (G1 Evacuation Pause) 10M->9M(16M) 0.453ms
[310.965s][info][gc] GC(32) Concurrent Mark Cycle
[310.970s][info][gc] GC(32) Pause Remark 9M->9M(16M) 2.440ms
[310.972s][info][gc] GC(32) Pause Cleanup 9M->9M(16M) 0.012ms
[310.972s][info][gc] GC(32) Concurrent Mark Cycle 6.499ms
[319.997s][info][gc] GC(33) Pause Young (Normal) (G1 Evacuation Pause) 10M->9M(16M) 0.686ms
[328.031s][info][gc] GC(34) Pause Young (Concurrent Start) (G1 Evacuation Pause) 10M->9M(16M) 0.713ms
[328.031s][info][gc] GC(35) Concurrent Mark Cycle
[328.036s][info][gc] GC(35) Pause Remark 9M->9M(16M) 1.780ms
[328.037s][info][gc] GC(35) Pause Cleanup 9M->9M(16M) 0.013ms
[328.037s][info][gc] GC(35) Concurrent Mark Cycle 5.824ms
[337.040s][info][gc] GC(36) Pause Young (Normal) (G1 Evacuation Pause) 10M->9M(16M) 0.354ms
[346.067s][info][gc] GC(37) Pause Young (Concurrent Start) (G1 Evacuation Pause) 10M->9M(16M) 0.510ms
[346.067s][info][gc] GC(38) Concurrent Mark Cycle
[346.071s][info][gc] GC(38) Pause Remark 9M->9M(16M) 2.105ms
[346.073s][info][gc] GC(38) Pause Cleanup 9M->9M(16M) 0.011ms
[346.073s][info][gc] GC(38) Concurrent Mark Cycle 5.925ms
[354.096s][info][gc] GC(39) Pause Young (Normal) (G1 Evacuation Pause) 10M->9M(16M) 0.380ms
[363.142s][info][gc] GC(40) Pause Young (Concurrent Start) (G1 Evacuation Pause) 10M->9M(16M) 0.705ms
[363.142s][info][gc] GC(41) Concurrent Mark Cycle
[363.147s][info][gc] GC(41) Pause Remark 9M->9M(16M) 1.891ms
[363.149s][info][gc] GC(41) Pause Cleanup 9M->9M(16M) 0.011ms
[363.149s][info][gc] GC(41) Concurrent Mark Cycle 6.922ms
[370.164s][info][gc] GC(42) Pause Young (Normal) (G1 Evacuation Pause) 10M->9M(16M) 0.557ms
[379.178s][info][gc] GC(43) Pause Young (Concurrent Start) (G1 Evacuation Pause) 10M->9M(16M) 0.395ms
[379.178s][info][gc] GC(44) Concurrent Mark Cycle
[379.181s][info][gc] GC(44) Pause Remark 9M->9M(16M) 1.353ms
[379.183s][info][gc] GC(44) Pause Cleanup 9M->9M(16M) 0.009ms
[379.183s][info][gc] GC(44) Concurrent Mark Cycle 4.902ms
[387.215s][info][gc] GC(45) Pause Young (Normal) (G1 Evacuation Pause) 10M->9M(16M) 0.380ms
[396.251s][info][gc] GC(46) Pause Young (Concurrent Start) (G1 Evacuation Pause) 10M->9M(16M) 0.460ms
[396.251s][info][gc] GC(47) Concurrent Mark Cycle
[396.254s][info][gc] GC(47) Pause Remark 9M->9M(16M) 1.339ms
[396.256s][info][gc] GC(47) Pause Cleanup 9M->9M(16M) 0.016ms
[396.256s][info][gc] GC(47) Concurrent Mark Cycle 4.981ms
[405.281s][info][gc] GC(48) Pause Young (Normal) (G1 Evacuation Pause) 10M->9M(16M) 0.451ms
[413.333s][info][gc] GC(49) Pause Young (Concurrent Start) (G1 Evacuation Pause) 10M->9M(16M) 0.547ms
[413.333s][info][gc] GC(50) Concurrent Mark Cycle
[413.337s][info][gc] GC(50) Pause Remark 9M->9M(16M) 1.903ms
[413.339s][info][gc] GC(50) Pause Cleanup 9M->9M(16M) 0.013ms
[413.339s][info][gc] GC(50) Concurrent Mark Cycle 5.702ms
[422.340s][info][gc] GC(51) Pause Young (Normal) (G1 Evacuation Pause) 10M->9M(16M) 0.460ms
[430.397s][info][gc] GC(52) Pause Young (Concurrent Start) (G1 Evacuation Pause) 10M->9M(16M) 0.559ms
[430.398s][info][gc] GC(53) Concurrent Mark Cycle
[430.402s][info][gc] GC(53) Pause Remark 9M->9M(16M) 1.588ms
[430.403s][info][gc] GC(53) Pause Cleanup 9M->9M(16M) 0.010ms
[430.403s][info][gc] GC(53) Concurrent Mark Cycle 5.815ms
[439.398s][info][gc] GC(54) Pause Young (Normal) (G1 Evacuation Pause) 10M->9M(16M) 0.658ms
[447.442s][info][gc] GC(55) Pause Young (Concurrent Start) (G1 Evacuation Pause) 10M->9M(16M) 0.384ms
[447.442s][info][gc] GC(56) Concurrent Mark Cycle
[447.447s][info][gc] GC(56) Pause Remark 9M->9M(16M) 2.478ms
[447.448s][info][gc] GC(56) Pause Cleanup 9M->9M(16M) 0.018ms
[447.449s][info][gc] GC(56) Concurrent Mark Cycle 6.147ms
[452.469s][info][gc] GC(57) Pause Young (Normal) (G1 Evacuation Pause) 10M->9M(16M) 0.556ms
[461.483s][info][gc] GC(58) Pause Young (Concurrent Start) (G1 Evacuation Pause) 10M->9M(16M) 0.531ms
[461.483s][info][gc] GC(59) Concurrent Mark Cycle
[461.488s][info][gc] GC(59) Pause Remark 9M->9M(16M) 2.903ms
[461.490s][info][gc] GC(59) Pause Cleanup 9M->9M(16M) 0.014ms
[461.490s][info][gc] GC(59) Concurrent Mark Cycle 6.623ms
[469.510s][info][gc] GC(60) Pause Young (Normal) (G1 Evacuation Pause) 10M->9M(16M) 0.389ms
[478.535s][info][gc] GC(61) Pause Young (Concurrent Start) (G1 Evacuation Pause) 10M->9M(16M) 0.373ms
[478.535s][info][gc] GC(62) Concurrent Mark Cycle
[478.538s][info][gc] GC(62) Pause Remark 9M->9M(16M) 1.179ms
[478.539s][info][gc] GC(62) Pause Cleanup 9M->9M(16M) 0.009ms
[478.539s][info][gc] GC(62) Concurrent Mark Cycle 4.772ms
[486.559s][info][gc] GC(63) Pause Young (Normal) (G1 Evacuation Pause) 10M->9M(16M) 0.350ms
[494.593s][info][gc] GC(64) Pause Young (Concurrent Start) (G1 Evacuation Pause) 10M->9M(16M) 0.340ms
[494.593s][info][gc] GC(65) Concurrent Mark Cycle
[494.597s][info][gc] GC(65) Pause Remark 9M->9M(16M) 1.654ms
[494.598s][info][gc] GC(65) Pause Cleanup 9M->9M(16M) 0.011ms
[494.599s][info][gc] GC(65) Concurrent Mark Cycle 5.242ms
[503.618s][info][gc] GC(66) Pause Young (Normal) (G1 Evacuation Pause) 10M->9M(16M) 0.413ms
[512.644s][info][gc] GC(67) Pause Young (Concurrent Start) (G1 Evacuation Pause) 10M->9M(16M) 0.487ms
[512.644s][info][gc] GC(68) Concurrent Mark Cycle
[512.650s][info][gc] GC(68) Pause Remark 9M->9M(16M) 3.089ms
[512.651s][info][gc] GC(68) Pause Cleanup 9M->9M(16M) 0.017ms
[512.651s][info][gc] GC(68) Concurrent Mark Cycle 6.976ms
[520.670s][info][gc] GC(69) Pause Young (Normal) (G1 Evacuation Pause) 10M->9M(16M) 0.508ms
[528.708s][info][gc] GC(70) Pause Young (Concurrent Start) (G1 Evacuation Pause) 10M->9M(16M) 0.404ms
[528.708s][info][gc] GC(71) Concurrent Mark Cycle
[528.712s][info][gc] GC(71) Pause Remark 9M->9M(16M) 1.823ms
[528.714s][info][gc] GC(71) Pause Cleanup 9M->9M(16M) 0.012ms
[528.714s][info][gc] GC(71) Concurrent Mark Cycle 6.003ms
[537.739s][info][gc] GC(72) Pause Young (Normal) (G1 Evacuation Pause) 10M->9M(16M) 0.512ms
[546.772s][info][gc] GC(73) Pause Young (Concurrent Start) (G1 Evacuation Pause) 10M->9M(16M) 0.479ms
[546.772s][info][gc] GC(74) Concurrent Mark Cycle
[546.776s][info][gc] GC(74) Pause Remark 9M->9M(16M) 1.523ms
[546.777s][info][gc] GC(74) Pause Cleanup 9M->9M(16M) 0.009ms
[546.777s][info][gc] GC(74) Concurrent Mark Cycle 5.190ms
[555.807s][info][gc] GC(75) Pause Young (Normal) (G1 Evacuation Pause) 10M->9M(16M) 0.472ms
[564.850s][info][gc] GC(76) Pause Young (Concurrent Start) (G1 Evacuation Pause) 10M->7M(16M) 1.405ms
[564.850s][info][gc] GC(77) Concurrent Mark Cycle
[564.860s][info][gc] GC(77) Pause Remark 7M->7M(16M) 3.969ms
[564.862s][info][gc] GC(77) Pause Cleanup 7M->7M(16M) 0.030ms
[564.862s][info][gc] GC(77) Concurrent Mark Cycle 12.788ms
[590.934s][info][gc] GC(78) Pause Young (Normal) (G1 Evacuation Pause) 10M->7M(16M) 1.540ms
[618.089s][info][gc] GC(79) Pause Young (Concurrent Start) (G1 Evacuation Pause) 10M->7M(16M) 1.767ms
[618.089s][info][gc] GC(80) Concurrent Mark Cycle
[618.103s][info][gc] GC(80) Pause Remark 7M->7M(16M) 3.530ms
[618.105s][info][gc] GC(80) Pause Cleanup 7M->7M(16M) 0.048ms
[618.106s][info][gc] GC(80) Concurrent Mark Cycle 16.640ms
[626.070s][info][gc] GC(81) Pause Young (Concurrent Start) (G1 Humongous Allocation) 8M->7M(16M) 0.915ms
[626.070s][info][gc] GC(82) Concurrent Mark Cycle
[626.081s][info][gc] GC(82) Pause Remark 9M->9M(16M) 3.970ms
[626.084s][info][gc] GC(82) Pause Cleanup 9M->9M(16M) 0.034ms
[626.084s][info][gc] GC(82) Concurrent Mark Cycle 13.549ms
[654.178s][info][gc] GC(83) Pause Young (Normal) (G1 Preventive Collection) 12M->9M(16M) 0.528ms
[664.207s][info][gc] GC(84) Pause Young (Concurrent Start) (G1 Evacuation Pause) 10M->9M(16M) 0.500ms
[664.207s][info][gc] GC(85) Concurrent Mark Cycle
[664.211s][info][gc] GC(85) Pause Remark 9M->9M(16M) 1.904ms
[664.212s][info][gc] GC(85) Pause Cleanup 9M->9M(16M) 0.011ms
[664.212s][info][gc] GC(85) Concurrent Mark Cycle 5.553ms
[673.248s][info][gc] GC(86) Pause Young (Normal) (G1 Evacuation Pause) 10M->7M(16M) 1.501ms
[701.405s][info][gc] GC(87) Pause Young (Concurrent Start) (G1 Evacuation Pause) 10M->7M(16M) 1.111ms
[701.405s][info][gc] GC(88) Concurrent Mark Cycle
[701.417s][info][gc] GC(88) Pause Remark 7M->7M(16M) 5.480ms
[701.421s][info][gc] GC(88) Pause Cleanup 7M->7M(16M) 0.055ms
[701.421s][info][gc] GC(88) Concurrent Mark Cycle 16.336ms
[728.459s][info][gc] GC(89) Pause Young (Normal) (G1 Evacuation Pause) 10M->7M(16M) 1.737ms
[737.403s][info][gc] GC(90) Pause Young (Concurrent Start) (G1 Humongous Allocation) 8M->7M(16M) 0.937ms
[737.403s][info][gc] GC(91) Concurrent Mark Cycle
[737.413s][info][gc] GC(91) Pause Remark 10M->10M(16M) 4.529ms
[737.416s][info][gc] GC(91) Pause Cleanup 11M->11M(16M) 0.037ms
[737.416s][info][gc] GC(91) Concurrent Mark Cycle 13.269ms
[737.433s][info][gc] GC(92) Pause Young (Normal) (G1 Preventive Collection) 12M->9M(16M) 0.540ms
[737.443s][info][gc] GC(93) Pause Young (Concurrent Start) (G1 Evacuation Pause) 10M->9M(16M) 0.442ms
[737.443s][info][gc] GC(94) Concurrent Mark Cycle
[737.449s][info][gc] GC(94) Pause Remark 10M->10M(16M) 2.580ms
[737.451s][info][gc] GC(94) Pause Cleanup 10M->10M(16M) 0.022ms
[737.451s][info][gc] GC(94) Concurrent Mark Cycle 7.689ms
[737.453s][info][gc] GC(95) Pause Young (Normal) (G1 Evacuation Pause) 10M->9M(16M) 0.374ms
[737.459s][info][gc] GC(96) Pause Young (Concurrent Start) (G1 Evacuation Pause) 10M->9M(16M) 0.298ms
[737.459s][info][gc] GC(97) Concurrent Mark Cycle
[737.460s][info][gc] GC(98) Pause Young (Normal) (G1 Evacuation Pause) 10M->9M(16M) 0.264ms
[737.463s][info][gc] GC(97) Pause Remark 10M->10M(16M) 1.541ms
[737.464s][info][gc] GC(99) Pause Young (Normal) (G1 Evacuation Pause) 10M->9M(16M) 0.247ms
[737.465s][info][gc] GC(100) Pause Young (Normal) (G1 Evacuation Pause) 10M->9M(16M) 0.211ms
[737.465s][info][gc] GC(97) Pause Cleanup 9M->9M(16M) 0.012ms
[737.465s][info][gc] GC(97) Concurrent Mark Cycle 6.535ms
[737.466s][info][gc] GC(101) Pause Young (Normal) (G1 Evacuation Pause) 10M->9M(16M) 0.212ms
[737.467s][info][gc] GC(102) Pause Young (Concurrent Start) (G1 Evacuation Pause) 10M->9M(16M) 0.228ms
[737.467s][info][gc] GC(103) Concurrent Mark Cycle
[737.469s][info][gc] GC(104) Pause Young (Normal) (G1 Evacuation Pause) 10M->9M(16M) 0.210ms
[737.470s][info][gc] GC(105) Pause Young (Normal) (G1 Evacuation Pause) 10M->9M(16M) 0.212ms
[737.472s][info][gc] GC(103) Pause Remark 10M->10M(16M) 1.884ms
[737.474s][info][gc] GC(106) Pause Young (Normal) (G1 Evacuation Pause) 10M->9M(16M) 0.256ms
[737.474s][info][gc] GC(103) Pause Cleanup 10M->10M(16M) 0.010ms
[737.474s][info][gc] GC(103) Concurrent Mark Cycle 6.463ms
[737.475s][info][gc] GC(107) Pause Young (Normal) (G1 Evacuation Pause) 10M->10M(16M) 0.180ms
[737.476s][info][gc] GC(108) Pause Young (Concurrent Start) (G1 Evacuation Pause) 11M->10M(16M) 0.268ms
[737.476s][info][gc] GC(109) Concurrent Mark Cycle
[737.478s][info][gc] GC(110) Pause Young (Normal) (G1 Preventive Collection) 12M->10M(16M) 0.217ms
[737.480s][info][gc] GC(109) Pause Remark 10M->10M(16M) 1.995ms
[737.482s][info][gc] GC(109) Pause Cleanup 12M->12M(16M) 0.010ms
[737.482s][info][gc] GC(109) Concurrent Mark Cycle 5.811ms
[737.482s][info][gc] GC(111) Pause Young (Prepare Mixed) (G1 Preventive Collection) 12M->10M(16M) 0.176ms
[737.484s][info][gc] GC(112) Pause Young (Mixed) (G1 Preventive Collection) 11M->9M(16M) 0.788ms
[737.486s][info][gc] GC(113) Pause Young (Concurrent Start) (G1 Evacuation Pause) 11M->9M(16M) 0.233ms
[737.486s][info][gc] GC(114) Concurrent Mark Cycle
[737.488s][info][gc] GC(115) Pause Young (Normal) (G1 Evacuation Pause) 11M->10M(16M) 0.178ms
[737.489s][info][gc] GC(114) Pause Remark 10M->10M(16M) 1.268ms
[737.491s][info][gc] GC(114) Pause Cleanup 11M->11M(16M) 0.009ms
[737.491s][info][gc] GC(114) Concurrent Mark Cycle 4.869ms
[737.491s][info][gc] GC(116) Pause Young (Normal) (G1 Evacuation Pause) 11M->10M(16M) 0.204ms
[737.492s][info][gc] GC(117) Pause Young (Concurrent Start) (G1 Humongous Allocation) 10M->10M(16M) 0.285ms
[737.492s][info][gc] GC(118) Concurrent Mark Cycle
[737.495s][info][gc] GC(118) Pause Remark 12M->12M(16M) 1.250ms
[737.496s][info][gc] GC(119) Pause Young (Normal) (G1 Preventive Collection) 13M->10M(16M) 0.347ms
[737.497s][info][gc] GC(118) Pause Cleanup 11M->11M(16M) 0.010ms
[737.497s][info][gc] GC(118) Concurrent Mark Cycle 5.287ms
[737.498s][info][gc] GC(120) Pause Young (Normal) (G1 Preventive Collection) 12M->10M(16M) 0.272ms
[737.500s][info][gc] GC(121) Pause Young (Concurrent Start) (G1 Preventive Collection) 12M->10M(16M) 0.295ms
[737.500s][info][gc] GC(122) Concurrent Mark Cycle
[737.502s][info][gc] GC(123) Pause Young (Normal) (G1 Preventive Collection) 12M->11M(16M) 0.242ms
[737.504s][info][gc] GC(122) Pause Remark 11M->11M(16M) 1.288ms
[737.506s][info][gc] GC(124) Pause Young (Normal) (G1 Preventive Collection) 12M->11M(16M) 0.425ms
[737.506s][info][gc] GC(122) Pause Cleanup 11M->11M(16M) 0.008ms
[737.506s][info][gc] GC(122) Concurrent Mark Cycle 5.747ms
[737.508s][info][gc] GC(125) Pause Young (Normal) (G1 Preventive Collection) 13M->11M(16M) 0.204ms
[737.510s][info][gc] GC(126) Pause Young (Concurrent Start) (G1 Preventive Collection) 13M->11M(16M) 0.320ms
[737.510s][info][gc] GC(127) Concurrent Mark Cycle
[737.512s][info][gc] GC(128) Pause Young (Normal) (G1 Preventive Collection) 13M->11M(16M) 0.219ms
[737.514s][info][gc] GC(127) Pause Remark 12M->12M(16M) 1.461ms
[737.515s][info][gc] GC(129) Pause Young (Normal) (G1 Preventive Collection) (Evacuation Failure) 13M->11M(16M) 0.218ms
[737.516s][info][gc] GC(127) Pause Cleanup 11M->11M(16M) 0.007ms
[737.516s][info][gc] GC(127) Concurrent Mark Cycle 5.561ms
[737.516s][info][gc] GC(130) Pause Young (Prepare Mixed) (G1 Preventive Collection) 12M->11M(16M) 0.173ms
[737.518s][info][gc] GC(131) Pause Young (Mixed) (G1 Preventive Collection) (Evacuation Failure) 12M->11M(16M) 1.376ms
[737.519s][info][gc] GC(132) Pause Young (Concurrent Start) (G1 Preventive Collection) 12M->11M(16M) 0.204ms
[737.520s][info][gc] GC(133) Concurrent Mark Cycle
[737.521s][info][gc] GC(134) Pause Young (Normal) (G1 Preventive Collection) 12M->11M(16M) 0.158ms
[737.521s][info][gc] GC(135) Pause Young (Normal) (G1 Preventive Collection) 12M->11M(16M) 0.166ms
[737.523s][info][gc] GC(133) Pause Remark 12M->12M(16M) 1.202ms
[737.524s][info][gc] GC(136) Pause Young (Normal) (G1 Preventive Collection) 12M->11M(16M) 0.204ms
[737.525s][info][gc] GC(137) Pause Young (Normal) (G1 Preventive Collection) 12M->11M(16M) 0.131ms
[737.525s][info][gc] GC(133) Pause Cleanup 11M->11M(16M) 0.007ms
[737.525s][info][gc] GC(133) Concurrent Mark Cycle 5.476ms
[737.526s][info][gc] GC(138) Pause Young (Prepare Mixed) (G1 Preventive Collection) 12M->11M(16M) 0.120ms
[737.528s][info][gc] GC(139) Pause Young (Mixed) (G1 Preventive Collection) (Evacuation Failure) 12M->11M(16M) 1.383ms
[737.529s][info][gc] GC(140) Pause Young (Concurrent Start) (G1 Humongous Allocation) 12M->11M(16M) 0.195ms
[737.529s][info][gc] GC(141) Concurrent Mark Cycle
[737.530s][info][gc] GC(142) Pause Young (Normal) (G1 Humongous Allocation) 12M->12M(16M) 0.149ms
[737.539s][info][gc] GC(143) Pause Full (G1 Compaction Pause) 12M->10M(16M) 9.103ms
[737.539s][info][gc] GC(141) Concurrent Mark Cycle 10.569ms
[746.521s][info][gc] GC(144) Pause Young (Normal) (G1 Preventive Collection) 13M->10M(16M) 1.048ms
[753.548s][info][gc] GC(145) Pause Young (Concurrent Start) (G1 Evacuation Pause) 11M->10M(16M) 1.541ms
[753.548s][info][gc] GC(146) Concurrent Mark Cycle
[753.567s][info][gc] GC(146) Pause Remark 10M->6M(16M) 7.536ms
[753.570s][info][gc] GC(146) Pause Cleanup 6M->6M(16M) 0.024ms
[753.570s][info][gc] GC(146) Concurrent Mark Cycle 21.903ms
[760.565s][info][gc] GC(147) Pause Young (Prepare Mixed) (G1 Evacuation Pause) 7M->6M(16M) 1.022ms
[769.602s][info][gc] GC(148) Pause Young (Mixed) (G1 Evacuation Pause) 7M->6M(16M) 2.139ms
[797.696s][info][gc] GC(149) Pause Young (Normal) (G1 Evacuation Pause) 9M->6M(16M) 0.741ms
[827.829s][info][gc] GC(150) Pause Young (Concurrent Start) (G1 Evacuation Pause) 9M->6M(16M) 1.313ms
[827.829s][info][gc] GC(151) Concurrent Mark Cycle
[827.840s][info][gc] GC(151) Pause Remark 6M->6M(16M) 3.089ms
[827.843s][info][gc] GC(151) Pause Cleanup 6M->6M(16M) 0.029ms
[827.843s][info][gc] GC(151) Concurrent Mark Cycle 14.415ms
[857.067s][info][gc] GC(152) Pause Young (Normal) (G1 Evacuation Pause) 9M->6M(16M) 0.797ms
