[0.003s][info][gc] Using Parallel
[6.880s][info][gc] GC(0) Pause Young (Allocation Failure) 4M->2M(15M) 5.274ms
[6.946s][info][gc] GC(1) Pause Young (Allocation Failure) 6M->2M(15M) 1.346ms
[6.980s][info][gc] GC(2) Pause Young (Allocation Failure) 6M->3M(15M) 1.623ms
[7.015s][info][gc] GC(3) Pause Young (Allocation Failure) 7M->4M(15M) 1.250ms
[7.271s][info][gc] GC(4) Pause Young (Allocation Failure) 8M->5M(15M) 1.968ms
[14.329s][info][gc] GC(5) Pause Young (Allocation Failure) 9M->5M(13M) 5.161ms
[30.402s][info][gc] GC(6) Pause Young (Allocation Failure) 7M->5M(14M) 2.719ms
[48.462s][info][gc] GC(7) Pause Young (Allocation Failure) 7M->5M(14M) 2.524ms
[66.527s][info][gc] GC(8) Pause Young (Allocation Failure) 9M->7M(14M) 1.889ms
[85.603s][info][gc] GC(9) Pause Young (Allocation Failure) 9M->7M(14M) 0.933ms
[103.741s][info][gc] GC(10) Pause Full (Ergonomics) 11M->7M(14M) 13.214ms
[123.749s][info][gc] GC(11) Pause Young (Allocation Failure) 9M->7M(14M) 0.404ms
[141.820s][info][gc] GC(12) Pause Young (Allocation Failure) 9M->7M(14M) 0.280ms
[160.930s][info][gc] GC(13) Pause Young (Allocation Failure) 9M->7M(14M) 0.237ms
[179.975s][info][gc] GC(14) Pause Young (Allocation Failure) 9M->7M(14M) 0.258ms
[198.051s][info][gc] GC(15) Pause Young (Allocation Failure) 9M->7M(14M) 0.283ms
[217.143s][info][gc] GC(16) Pause Young (Allocation Failure) 9M->7M(14M) 0.357ms
[236.202s][info][gc] GC(17) Pause Young (Allocation Failure) 9M->7M(14M) 0.259ms
[254.279s][info][gc] GC(18) Pause Young (Allocation Failure) 9M->7M(14M) 0.246ms
[273.351s][info][gc] GC(19) Pause Young (Allocation Failure) 9M->7M(14M) 0.246ms
[292.420s][info][gc] GC(20) Pause Young (Allocation Failure) 9M->7M(14M) 0.221ms
[310.480s][info][gc] GC(21) Pause Young (Allocation Failure) 9M->7M(14M) 0.275ms
[328.555s][info][gc] GC(22) Pause Young (Allocation Failure) 9M->7M(14M) 0.300ms
[347.612s][info][gc] GC(23) Pause Young (Allocation Failure) 9M->7M(14M) 0.317ms
[365.694s][info][gc] GC(24) Pause Young (Allocation Failure) 9M->7M(14M) 0.237ms
[384.759s][info][gc] GC(25) Pause Young (Allocation Failure) 9M->7M(14M) 0.254ms
[403.830s][info][gc] GC(26) Pause Young (Allocation Failure) 9M->7M(14M) 0.241ms
[422.905s][info][gc] GC(27) Pause Young (Allocation Failure) 9M->7M(14M) 0.242ms
[442.937s][info][gc] GC(28) Pause Young (Allocation Failure) 9M->7M(14M) 0.258ms
[462.090s][info][gc] GC(29) Pause Young (Allocation Failure) 9M->7M(14M) 0.847ms
[482.179s][info][gc] GC(30) Pause Young (Allocation Failure) 9M->7M(14M) 0.557ms
[501.276s][info][gc] GC(31) Pause Young (Allocation Failure) 9M->7M(15M) 0.626ms
[512.326s][info][gc] GC(32) Pause Young (Allocation Failure) 10M->9M(15M) 0.381ms
[512.334s][info][gc] GC(33) Pause Full (Ergonomics) 9M->7M(15M) 8.319ms
[535.415s][info][gc] GC(34) Pause Young (Allocation Failure) 10M->7M(15M) 0.376ms
[565.423s][info][gc] GC(35) Pause Young (Allocation Failure) 10M->7M(15M) 0.657ms
[595.554s][info][gc] GC(36) Pause Young (Allocation Failure) 10M->7M(15M) 0.566ms
[624.713s][info][gc] GC(37) Pause Young (Allocation Failure) 10M->7M(15M) 0.412ms
[634.455s][info][gc] GC(38) Pause Young (Allocation Failure) 10M->9M(15M) 0.503ms
[634.483s][info][gc] GC(39) Pause Full (Ergonomics) 9M->7M(15M) 28.312ms
[634.491s][info][gc] GC(40) Pause Young (Allocation Failure) 10M->7M(15M) 0.184ms
[634.508s][info][gc] GC(41) Pause Young (Allocation Failure) 10M->7M(15M) 0.152ms
[634.512s][info][gc] GC(42) Pause Young (Allocation Failure) 10M->7M(15M) 0.138ms
[634.515s][info][gc] GC(43) Pause Young (Allocation Failure) 10M->8M(15M) 0.137ms
[634.519s][info][gc] GC(44) Pause Young (Allocation Failure) 11M->8M(15M) 0.129ms
[634.522s][info][gc] GC(45) Pause Young (Allocation Failure) 11M->8M(15M) 0.145ms
[634.525s][info][gc] GC(46) Pause Young (Allocation Failure) 11M->8M(15M) 0.084ms
[634.528s][info][gc] GC(47) Pause Young (Allocation Failure) 11M->8M(14M) 0.125ms
[634.530s][info][gc] GC(48) Pause Young (Allocation Failure) 10M->8M(14M) 0.131ms
[634.532s][info][gc] GC(49) Pause Young (Allocation Failure) 10M->8M(14M) 0.132ms
[634.534s][info][gc] GC(50) Pause Young (Allocation Failure) 10M->8M(14M) 0.130ms
[634.536s][info][gc] GC(51) Pause Young (Allocation Failure) 10M->8M(14M) 0.104ms
[634.538s][info][gc] GC(52) Pause Young (Allocation Failure) 10M->8M(14M) 0.130ms
[634.540s][info][gc] GC(53) Pause Young (Allocation Failure) 10M->8M(14M) 0.116ms
[634.542s][info][gc] GC(54) Pause Young (Allocation Failure) 10M->8M(14M) 0.092ms
[634.543s][info][gc] GC(55) Pause Young (Allocation Failure) 10M->9M(14M) 0.107ms
[634.545s][info][gc] GC(56) Pause Young (Allocation Failure) 11M->9M(14M) 0.122ms
[634.547s][info][gc] GC(57) Pause Young (Allocation Failure) 11M->9M(14M) 0.142ms
[634.549s][info][gc] GC(58) Pause Young (Allocation Failure) 11M->9M(14M) 0.088ms
[634.551s][info][gc] GC(59) Pause Young (Allocation Failure) 11M->9M(14M) 0.139ms
[634.552s][info][gc] GC(60) Pause Young (Allocation Failure) 11M->9M(14M) 0.104ms
[634.554s][info][gc] GC(61) Pause Young (Allocation Failure) 11M->9M(14M) 0.138ms
[634.556s][info][gc] GC(62) Pause Young (Allocation Failure) 11M->10M(14M) 0.090ms
[634.557s][info][gc] GC(63) Pause Young (Allocation Failure) 11M->10M(14M) 0.124ms
[634.714s][info][gc] GC(64) Pause Young (Allocation Failure) 12M->9M(14M) 0.466ms
[647.811s][info][gc] GC(65) Pause Young (Allocation Failure) 11M->9M(14M) 0.649ms
[666.903s][info][gc] GC(66) Pause Young (Allocation Failure) 11M->10M(14M) 0.603ms
[685.938s][info][gc] GC(67) Pause Young (Allocation Failure) 12M->10M(14M) 0.356ms
[705.017s][info][gc] GC(68) Pause Young (Allocation Failure) 12M->10M(14M) 0.551ms
[724.099s][info][gc] GC(69) Pause Young (Allocation Failure) 12M->10M(14M) 0.560ms
