[0.005s][info][gc] Using Serial
[6.426s][info][gc] GC(0) Pause Young (Allocation Failure) 5M->2M(15M) 3.272ms
[6.473s][info][gc] GC(1) Pause Young (Allocation Failure) 7M->3M(15M) 1.885ms
[6.508s][info][gc] GC(2) Pause Young (Allocation Failure) 7M->3M(15M) 1.144ms
[6.730s][info][gc] GC(3) Pause Young (Allocation Failure) 7M->3M(15M) 1.074ms
[7.821s][info][gc] GC(4) Pause Young (Allocation Failure) 8M->4M(15M) 5.084ms
[33.933s][info][gc] GC(5) Pause Young (Allocation Failure) 9M->4M(15M) 4.623ms
[56.003s][info][gc] GC(6) Pause Young (Allocation Failure) 9M->6M(15M) 3.029ms
[77.095s][info][gc] GC(7) Pause Young (Allocation Failure) 11M->8M(15M) 0.824ms
[117.247s][info][gc] GC(8) Pause Young (Allocation Failure) 13M->13M(15M) 0.031ms
[117.259s][info][gc] GC(9) Pause Full (Allocation Failure) 13M->8M(15M) 11.408ms
[157.383s][info][gc] GC(10) Pause Young (Allocation Failure) 12M->12M(15M) 0.030ms
[157.392s][info][gc] GC(11) Pause Full (Allocation Failure) 12M->8M(15M) 8.694ms
[198.527s][info][gc] GC(12) Pause Young (Allocation Failure) 12M->8M(15M) 0.325ms
[239.674s][info][gc] GC(13) Pause Young (Allocation Failure) 12M->8M(15M) 0.268ms
[280.821s][info][gc] GC(14) Pause Young (Allocation Failure) 12M->8M(15M) 0.339ms
[320.967s][info][gc] GC(15) Pause Young (Allocation Failure) 12M->8M(15M) 0.422ms
[364.128s][info][gc] GC(16) Pause Young (Allocation Failure) 12M->8M(15M) 0.258ms
[407.286s][info][gc] GC(17) Pause Young (Allocation Failure) 12M->8M(15M) 0.270ms
[450.422s][info][gc] GC(18) Pause Young (Allocation Failure) 12M->8M(15M) 1.511ms
[493.586s][info][gc] GC(19) Pause Young (Allocation Failure) 12M->8M(15M) 1.414ms
[517.682s][info][gc] GC(20) Pause Young (Allocation Failure) 12M->10M(15M) 0.747ms
[559.943s][info][gc] GC(21) Pause Young (Allocation Failure) 14M->14M(15M) 0.080ms
[559.983s][info][gc] GC(22) Pause Full (Allocation Failure) 14M->6M(15M) 39.918ms
[604.017s][info][gc] GC(23) Pause Young (Allocation Failure) 10M->6M(15M) 1.080ms
[611.992s][info][gc] GC(24) Pause Young (Allocation Failure) 10M->8M(15M) 0.727ms
[612.022s][info][gc] GC(25) Pause Young (Allocation Failure) 12M->12M(15M) 0.027ms
[612.037s][info][gc] GC(26) Pause Full (Allocation Failure) 12M->8M(15M) 14.911ms
[612.043s][info][gc] GC(27) Pause Young (Allocation Failure) 12M->8M(15M) 0.161ms
[612.048s][info][gc] GC(28) Pause Young (Allocation Failure) 12M->8M(15M) 0.111ms
[612.052s][info][gc] GC(29) Pause Young (Allocation Failure) 13M->13M(15M) 0.016ms
[612.062s][info][gc] GC(30) Pause Full (Allocation Failure) 13M->8M(15M) 10.678ms
[612.066s][info][gc] GC(31) Pause Young (Allocation Failure) 13M->13M(15M) 0.013ms
[612.075s][info][gc] GC(32) Pause Full (Allocation Failure) 13M->9M(15M) 8.459ms
[612.079s][info][gc] GC(33) Pause Young (Allocation Failure) 13M->13M(15M) 0.012ms
[612.087s][info][gc] GC(34) Pause Full (Allocation Failure) 13M->9M(15M) 7.694ms
[612.090s][info][gc] GC(35) Pause Young (Allocation Failure) 13M->13M(15M) 0.016ms
[612.099s][info][gc] GC(36) Pause Full (Allocation Failure) 13M->9M(15M) 8.463ms
[612.102s][info][gc] GC(37) Pause Young (Allocation Failure) 13M->13M(15M) 0.014ms
[612.110s][info][gc] GC(38) Pause Full (Allocation Failure) 13M->9M(15M) 7.817ms
[612.113s][info][gc] GC(39) Pause Young (Allocation Failure) 13M->13M(15M) 0.015ms
[612.121s][info][gc] GC(40) Pause Full (Allocation Failure) 13M->9M(15M) 7.618ms
[612.124s][info][gc] GC(41) Pause Young (Allocation Failure) 14M->14M(15M) 0.014ms
[612.132s][info][gc] GC(42) Pause Full (Allocation Failure) 14M->9M(15M) 7.894ms
[612.136s][info][gc] GC(43) Pause Young (Allocation Failure) 13M->13M(15M) 0.015ms
[612.143s][info][gc] GC(44) Pause Full (Allocation Failure) 13M->9M(15M) 7.603ms
[612.147s][info][gc] GC(45) Pause Young (Allocation Failure) 13M->13M(15M) 0.011ms
[612.154s][info][gc] GC(46) Pause Full (Allocation Failure) 13M->9M(15M) 7.572ms
[619.081s][info][gc] GC(47) Pause Young (Allocation Failure) 14M->14M(15M) 0.096ms
[619.117s][info][gc] GC(48) Pause Full (Allocation Failure) 14M->6M(15M) 35.323ms
[662.270s][info][gc] GC(49) Pause Young (Allocation Failure) 10M->6M(15M) 1.241ms
[705.577s][info][gc] GC(50) Pause Young (Allocation Failure) 10M->6M(15M) 0.776ms
