[0.004s][info][gc] Using The Z Garbage Collector
[0.122s][info][gc] GC(0) Garbage Collection (Warmup) 4M(20%)->4M(20%)
[0.220s][info][gc] GC(1) Garbage Collection (Warmup) 4M(20%)->4M(20%)
[1.127s][info][gc] GC(2) Garbage Collection (Warmup) 6M(30%)->4M(20%)
[2.026s][info][gc] GC(3) Garbage Collection (Proactive) 6M(30%)->4M(20%)
[4.528s][info][gc] GC(4) Garbage Collection (Proactive) 6M(30%)->6M(30%)
[4.628s][info][gc] GC(5) Garbage Collection (Allocation Rate) 16M(80%)->10M(50%)
[4.726s][info][gc] GC(6) Garbage Collection (Allocation Rate) 12M(60%)->6M(30%)
[4.826s][info][gc] GC(7) Garbage Collection (Allocation Rate) 10M(50%)->8M(40%)
[4.928s][info][gc] GC(8) Garbage Collection (Allocation Rate) 12M(60%)->10M(50%)
[5.031s][info][gc] GC(9) Garbage Collection (Allocation Rate) 10M(50%)->10M(50%)
[5.137s][info][gc] GC(10) Garbage Collection (Allocation Rate) 10M(50%)->10M(50%)
[5.245s][info][gc] GC(11) Garbage Collection (Allocation Rate) 10M(50%)->10M(50%)
[5.343s][info][gc] GC(12) Garbage Collection (Allocation Rate) 10M(50%)->10M(50%)
[5.452s][info][gc] GC(13) Garbage Collection (Allocation Rate) 10M(50%)->10M(50%)
[5.546s][info][gc] GC(14) Garbage Collection (Allocation Rate) 10M(50%)->10M(50%)
[5.651s][info][gc] GC(15) Garbage Collection (Allocation Rate) 10M(50%)->10M(50%)
[5.745s][info][gc] GC(16) Garbage Collection (Allocation Rate) 10M(50%)->10M(50%)
[5.845s][info][gc] GC(17) Garbage Collection (Allocation Rate) 10M(50%)->10M(50%)
[5.938s][info][gc] GC(18) Garbage Collection (Allocation Rate) 10M(50%)->10M(50%)
[6.051s][info][gc] GC(19) Garbage Collection (Allocation Rate) 10M(50%)->10M(50%)
[6.150s][info][gc] GC(20) Garbage Collection (Allocation Rate) 10M(50%)->10M(50%)
[6.243s][info][gc] GC(21) Garbage Collection (Allocation Rate) 10M(50%)->10M(50%)
[6.348s][info][gc] GC(22) Garbage Collection (Allocation Rate) 10M(50%)->10M(50%)
[14.049s][info][gc] GC(23) Garbage Collection (Proactive) 12M(60%)->10M(50%)
[22.058s][info][gc] GC(24) Garbage Collection (Proactive) 12M(60%)->8M(40%)
[24.757s][info][gc] GC(25) Garbage Collection (Proactive) 10M(50%)->6M(30%)
[27.559s][info][gc] GC(26) Garbage Collection (Proactive) 8M(40%)->6M(30%)
[30.358s][info][gc] GC(27) Garbage Collection (Proactive) 8M(40%)->6M(30%)
[32.861s][info][gc] GC(28) Garbage Collection (Proactive) 8M(40%)->6M(30%)
[35.360s][info][gc] GC(29) Garbage Collection (Proactive) 8M(40%)->8M(40%)
[46.252s][info][gc] GC(30) Garbage Collection (Proactive) 10M(50%)->6M(30%)
[48.655s][info][gc] GC(31) Garbage Collection (Proactive) 8M(40%)->6M(30%)
[51.056s][info][gc] GC(32) Garbage Collection (Proactive) 8M(40%)->6M(30%)
[53.361s][info][gc] GC(33) Garbage Collection (Proactive) 8M(40%)->6M(30%)
[55.860s][info][gc] GC(34) Garbage Collection (Proactive) 8M(40%)->6M(30%)
[58.343s][info][gc] GC(35) Garbage Collection (Proactive) 10M(50%)->8M(40%)
[61.157s][info][gc] GC(36) Garbage Collection (Proactive) 10M(50%)->10M(50%)
[71.138s][info][gc] GC(37) Garbage Collection (Proactive) 12M(60%)->8M(40%)
[73.745s][info][gc] GC(38) Garbage Collection (Proactive) 10M(50%)->8M(40%)
[75.856s][info][gc] GC(39) Garbage Collection (Proactive) 10M(50%)->8M(40%)
[78.956s][info][gc] GC(40) Garbage Collection (Proactive) 10M(50%)->10M(50%)
[90.357s][info][gc] GC(41) Garbage Collection (Proactive) 12M(60%)->8M(40%)
[92.857s][info][gc] GC(42) Garbage Collection (Proactive) 10M(50%)->8M(40%)
[95.258s][info][gc] GC(43) Garbage Collection (Proactive) 10M(50%)->8M(40%)
[97.558s][info][gc] GC(44) Garbage Collection (Proactive) 10M(50%)->8M(40%)
[99.758s][info][gc] GC(45) Garbage Collection (Proactive) 10M(50%)->8M(40%)
[101.852s][info][gc] GC(46) Garbage Collection (Proactive) 10M(50%)->8M(40%)
[103.959s][info][gc] GC(47) Garbage Collection (Proactive) 10M(50%)->8M(40%)
[106.257s][info][gc] GC(48) Garbage Collection (Proactive) 10M(50%)->8M(40%)
[108.558s][info][gc] GC(49) Garbage Collection (Proactive) 10M(50%)->8M(40%)
[110.759s][info][gc] GC(50) Garbage Collection (Proactive) 10M(50%)->8M(40%)
[112.955s][info][gc] GC(51) Garbage Collection (Proactive) 10M(50%)->8M(40%)
[115.255s][info][gc] GC(52) Garbage Collection (Proactive) 10M(50%)->8M(40%)
[117.751s][info][gc] GC(53) Garbage Collection (Proactive) 10M(50%)->8M(40%)
[120.058s][info][gc] GC(54) Garbage Collection (Proactive) 10M(50%)->8M(40%)
[122.358s][info][gc] GC(55) Garbage Collection (Proactive) 10M(50%)->8M(40%)
[124.654s][info][gc] GC(56) Garbage Collection (Proactive) 10M(50%)->8M(40%)
[126.960s][info][gc] GC(57) Garbage Collection (Proactive) 10M(50%)->8M(40%)
[129.258s][info][gc] GC(58) Garbage Collection (Proactive) 10M(50%)->8M(40%)
[131.449s][info][gc] GC(59) Garbage Collection (Proactive) 10M(50%)->10M(50%)
[140.560s][info][gc] GC(60) Garbage Collection (Proactive) 12M(60%)->8M(40%)
[143.159s][info][gc] GC(61) Garbage Collection (Proactive) 10M(50%)->8M(40%)
[145.655s][info][gc] GC(62) Garbage Collection (Proactive) 10M(50%)->8M(40%)
[147.955s][info][gc] GC(63) Garbage Collection (Proactive) 10M(50%)->8M(40%)
[150.159s][info][gc] GC(64) Garbage Collection (Proactive) 10M(50%)->8M(40%)
[152.357s][info][gc] GC(65) Garbage Collection (Proactive) 10M(50%)->8M(40%)
[154.554s][info][gc] GC(66) Garbage Collection (Proactive) 10M(50%)->10M(50%)
[167.130s][info][gc] GC(67) Garbage Collection (Proactive) 14M(70%)->12M(60%)
[180.628s][info][gc] GC(68) Garbage Collection (Proactive) 14M(70%)->12M(60%)
[194.729s][info][gc] GC(69) Garbage Collection (Proactive) 14M(70%)->12M(60%)
[206.825s][info][gc] GC(70) Garbage Collection (Proactive) 14M(70%)->12M(60%)
[221.828s][info][gc] GC(71) Garbage Collection (Proactive) 14M(70%)->12M(60%)
[234.828s][info][gc] GC(72) Garbage Collection (Proactive) 14M(70%)->12M(60%)
[246.929s][info][gc] GC(73) Garbage Collection (Proactive) 14M(70%)->12M(60%)
[260.028s][info][gc] GC(74) Garbage Collection (Proactive) 14M(70%)->12M(60%)
[274.028s][info][gc] GC(75) Garbage Collection (Proactive) 14M(70%)->12M(60%)
[288.129s][info][gc] GC(76) Garbage Collection (Proactive) 14M(70%)->12M(60%)
[302.129s][info][gc] GC(77) Garbage Collection (Proactive) 14M(70%)->12M(60%)
[314.126s][info][gc] GC(78) Garbage Collection (Proactive) 14M(70%)->12M(60%)
[327.226s][info][gc] GC(79) Garbage Collection (Proactive) 14M(70%)->12M(60%)
[342.226s][info][gc] GC(80) Garbage Collection (Proactive) 14M(70%)->12M(60%)
[355.327s][info][gc] GC(81) Garbage Collection (Proactive) 14M(70%)->12M(60%)
[370.329s][info][gc] GC(82) Garbage Collection (Proactive) 14M(70%)->12M(60%)
[385.429s][info][gc] GC(83) Garbage Collection (Proactive) 14M(70%)->12M(60%)
[398.432s][info][gc] GC(84) Garbage Collection (Proactive) 14M(70%)->12M(60%)
[413.528s][info][gc] GC(85) Garbage Collection (Proactive) 14M(70%)->12M(60%)
[428.524s][info][gc] GC(86) Garbage Collection (Proactive) 14M(70%)->12M(60%)
[443.629s][info][gc] GC(87) Garbage Collection (Proactive) 14M(70%)->12M(60%)
[458.728s][info][gc] GC(88) Garbage Collection (Proactive) 14M(70%)->12M(60%)
[471.728s][info][gc] GC(89) Garbage Collection (Proactive) 14M(70%)->12M(60%)
[485.829s][info][gc] GC(90) Garbage Collection (Proactive) 14M(70%)->10M(50%)
[486.827s][info][gc] GC(91) Garbage Collection (Proactive) 12M(60%)->10M(50%)
[487.827s][info][gc] GC(92) Garbage Collection (Proactive) 12M(60%)->10M(50%)
[488.827s][info][gc] GC(93) Garbage Collection (Proactive) 12M(60%)->10M(50%)
[489.827s][info][gc] GC(94) Garbage Collection (Proactive) 12M(60%)->10M(50%)
[490.827s][info][gc] GC(95) Garbage Collection (Proactive) 12M(60%)->10M(50%)
[491.827s][info][gc] GC(96) Garbage Collection (Proactive) 12M(60%)->10M(50%)
[492.826s][info][gc] GC(97) Garbage Collection (Proactive) 12M(60%)->10M(50%)
[493.828s][info][gc] GC(98) Garbage Collection (Proactive) 12M(60%)->10M(50%)
[494.828s][info][gc] GC(99) Garbage Collection (Proactive) 12M(60%)->10M(50%)
[495.828s][info][gc] GC(100) Garbage Collection (Proactive) 12M(60%)->10M(50%)
[496.823s][info][gc] GC(101) Garbage Collection (Proactive) 12M(60%)->10M(50%)
[497.824s][info][gc] GC(102) Garbage Collection (Proactive) 12M(60%)->10M(50%)
[498.827s][info][gc] GC(103) Garbage Collection (Proactive) 12M(60%)->10M(50%)
[499.827s][info][gc] GC(104) Garbage Collection (Proactive) 12M(60%)->10M(50%)
[500.827s][info][gc] GC(105) Garbage Collection (Proactive) 12M(60%)->10M(50%)
[501.827s][info][gc] GC(106) Garbage Collection (Proactive) 12M(60%)->10M(50%)
[502.827s][info][gc] GC(107) Garbage Collection (Proactive) 12M(60%)->10M(50%)
[503.827s][info][gc] GC(108) Garbage Collection (Proactive) 12M(60%)->10M(50%)
[504.827s][info][gc] GC(109) Garbage Collection (Proactive) 12M(60%)->10M(50%)
[505.829s][info][gc] GC(110) Garbage Collection (Proactive) 12M(60%)->10M(50%)
[506.830s][info][gc] GC(111) Garbage Collection (Proactive) 12M(60%)->10M(50%)
[507.831s][info][gc] GC(112) Garbage Collection (Proactive) 12M(60%)->10M(50%)
[508.828s][info][gc] GC(113) Garbage Collection (Proactive) 12M(60%)->10M(50%)
[509.822s][info][gc] GC(114) Garbage Collection (Proactive) 12M(60%)->12M(60%)
[520.960s][info][gc] GC(115) Garbage Collection (Proactive) 14M(70%)->8M(40%)
[525.060s][info][gc] GC(116) Garbage Collection (Proactive) 10M(50%)->10M(50%)
[528.554s][info][gc] GC(117) Garbage Collection (Proactive) 12M(60%)->10M(50%)
[531.461s][info][gc] GC(118) Garbage Collection (Proactive) 12M(60%)->10M(50%)
[534.158s][info][gc] GC(119) Garbage Collection (Proactive) 12M(60%)->10M(50%)
[536.658s][info][gc] GC(120) Garbage Collection (Proactive) 12M(60%)->10M(50%)
[538.955s][info][gc] GC(121) Garbage Collection (Proactive) 12M(60%)->12M(60%)
[551.050s][info][gc] GC(122) Garbage Collection (Proactive) 14M(70%)->8M(40%)
[553.359s][info][gc] GC(123) Garbage Collection (Proactive) 10M(50%)->8M(40%)
[556.259s][info][gc] GC(124) Garbage Collection (Proactive) 10M(50%)->8M(40%)
[558.859s][info][gc] GC(125) Garbage Collection (Proactive) 10M(50%)->8M(40%)
[561.251s][info][gc] GC(126) Garbage Collection (Proactive) 10M(50%)->10M(50%)
[563.659s][info][gc] GC(127) Garbage Collection (Proactive) 12M(60%)->10M(50%)
[566.057s][info][gc] GC(128) Garbage Collection (Proactive) 12M(60%)->12M(60%)
[579.154s][info][gc] GC(129) Garbage Collection (Proactive) 14M(70%)->10M(50%)
[581.461s][info][gc] GC(130) Garbage Collection (Proactive) 12M(60%)->10M(50%)
[584.259s][info][gc] GC(131) Garbage Collection (Proactive) 12M(60%)->10M(50%)
[586.758s][info][gc] GC(132) Garbage Collection (Proactive) 12M(60%)->10M(50%)
[589.058s][info][gc] GC(133) Garbage Collection (Proactive) 12M(60%)->10M(50%)
[591.346s][info][gc] GC(134) Garbage Collection (Proactive) 12M(60%)->10M(50%)
[593.927s][info][gc] GC(135) Garbage Collection (Proactive) 14M(70%)->14M(70%)
[605.231s][info][gc] GC(136) Garbage Collection (Proactive) 16M(80%)->12M(60%)
[620.131s][info][gc] GC(137) Garbage Collection (Proactive) 14M(70%)->12M(60%)
[633.529s][info][gc] GC(138) Garbage Collection (Proactive) 14M(70%)->12M(60%)
[645.462s][info][gc] GC(139) Garbage Collection (Proactive) 14M(70%)->10M(50%)
[649.762s][info][gc] GC(140) Garbage Collection (Proactive) 12M(60%)->10M(50%)
[653.453s][info][gc] GC(141) Garbage Collection (Proactive) 12M(60%)->10M(50%)
[656.361s][info][gc] GC(142) Garbage Collection (Proactive) 12M(60%)->10M(50%)
[659.261s][info][gc] GC(143) Garbage Collection (Proactive) 12M(60%)->10M(50%)
[661.957s][info][gc] GC(144) Garbage Collection (Proactive) 12M(60%)->10M(50%)
[664.453s][info][gc] GC(145) Garbage Collection (Proactive) 12M(60%)->12M(60%)
[676.559s][info][gc] GC(146) Garbage Collection (Proactive) 14M(70%)->10M(50%)
[679.056s][info][gc] GC(147) Garbage Collection (Proactive) 12M(60%)->10M(50%)
[681.656s][info][gc] GC(148) Garbage Collection (Proactive) 12M(60%)->10M(50%)
[684.057s][info][gc] GC(149) Garbage Collection (Proactive) 12M(60%)->10M(50%)
[686.358s][info][gc] GC(150) Garbage Collection (Proactive) 12M(60%)->10M(50%)
[688.553s][info][gc] GC(151) Garbage Collection (Proactive) 12M(60%)->12M(60%)
[700.641s][info][gc] GC(152) Garbage Collection (Proactive) 14M(70%)->8M(40%)
[703.247s][info][gc] GC(153) Garbage Collection (Proactive) 10M(50%)->8M(40%)
[705.457s][info][gc] GC(154) Garbage Collection (Proactive) 10M(50%)->8M(40%)
[708.157s][info][gc] GC(155) Garbage Collection (Proactive) 10M(50%)->8M(40%)
[710.656s][info][gc] GC(156) Garbage Collection (Proactive) 10M(50%)->10M(50%)
[724.739s][info][gc] GC(157) Garbage Collection (Proactive) 12M(60%)->8M(40%)
[727.244s][info][gc] GC(158) Garbage Collection (Proactive) 10M(50%)->8M(40%)
[729.350s][info][gc] GC(159) Garbage Collection (Proactive) 10M(50%)->8M(40%)
[731.443s][info][gc] GC(160) Garbage Collection (Proactive) 10M(50%)->8M(40%)
[733.348s][info][gc] GC(161) Garbage Collection (Proactive) 10M(50%)->8M(40%)
[735.349s][info][gc] GC(162) Garbage Collection (Proactive) 10M(50%)->8M(40%)
[737.243s][info][gc] GC(163) Garbage Collection (Proactive) 10M(50%)->8M(40%)
[739.058s][info][gc] GC(164) Garbage Collection (Proactive) 10M(50%)->8M(40%)
[741.859s][info][gc] GC(165) Garbage Collection (Proactive) 10M(50%)->8M(40%)
[744.550s][info][gc] GC(166) Garbage Collection (Proactive) 10M(50%)->8M(40%)
[747.154s][info][gc] GC(167) Garbage Collection (Proactive) 10M(50%)->8M(40%)
[749.454s][info][gc] GC(168) Garbage Collection (Proactive) 10M(50%)->8M(40%)
[751.858s][info][gc] GC(169) Garbage Collection (Proactive) 10M(50%)->8M(40%)
[754.262s][info][gc] GC(170) Garbage Collection (Proactive) 10M(50%)->8M(40%)
[756.847s][info][gc] GC(171) Garbage Collection (Proactive) 10M(50%)->8M(40%)
[759.532s][info][gc] GC(172) Garbage Collection (Proactive) 10M(50%)->8M(40%)
[762.247s][info][gc] GC(173) Garbage Collection (Proactive) 10M(50%)->8M(40%)
[763.131s][info][gc] Allocation Stall (main) 4.332ms
[763.132s][info][gc] GC(174) Garbage Collection (Allocation Rate) 16M(80%)->16M(80%)
[763.151s][info][gc] Allocation Stall (main) 14.357ms
[763.151s][info][gc] GC(175) Garbage Collection (Allocation Stall) 20M(100%)->16M(80%)
[763.168s][info][gc] Allocation Stall (main) 10.817ms
[763.168s][info][gc] GC(176) Garbage Collection (Allocation Stall) 20M(100%)->14M(70%)
[763.184s][info][gc] Allocation Stall (main) 10.651ms
[763.184s][info][gc] Relocation Stall (main) 0.010ms
[763.184s][info][gc] GC(177) Garbage Collection (Allocation Stall) 20M(100%)->16M(80%)
[763.198s][info][gc] Allocation Stall (main) 10.374ms
[763.199s][info][gc] GC(178) Garbage Collection (Allocation Stall) 20M(100%)->14M(70%)
[763.215s][info][gc] Allocation Stall (main) 10.556ms
[763.215s][info][gc] GC(179) Garbage Collection (Allocation Stall) 20M(100%)->16M(80%)
[763.227s][info][gc] Allocation Stall (main) 7.555ms
[763.227s][info][gc] GC(180) Garbage Collection (Allocation Rate) 16M(80%)->20M(100%)
[763.238s][info][gc] Allocation Stall (main) 9.782ms
[763.239s][info][gc] GC(181) Garbage Collection (Allocation Stall) 20M(100%)->16M(80%)
[763.253s][info][gc] Allocation Stall (main) 10.398ms
[763.253s][info][gc] GC(182) Garbage Collection (Allocation Stall) 20M(100%)->18M(90%)
[763.266s][info][gc] Allocation Stall (main) 9.716ms
[763.266s][info][gc] Relocation Stall (main) 0.055ms
[763.266s][info][gc] GC(183) Garbage Collection (Allocation Stall) 20M(100%)->18M(90%)
[763.278s][info][gc] Allocation Stall (main) 9.779ms
[763.279s][info][gc] GC(184) Garbage Collection (Allocation Stall) 20M(100%)->18M(90%)
[763.330s][info][gc] GC(185) Garbage Collection (Allocation Rate) 18M(90%)->8M(40%)
[763.436s][info][gc] GC(186) Garbage Collection (Allocation Rate) 8M(40%)->8M(40%)
[763.541s][info][gc] GC(187) Garbage Collection (Allocation Rate) 8M(40%)->8M(40%)
[763.642s][info][gc] GC(188) Garbage Collection (Allocation Rate) 8M(40%)->8M(40%)
[763.739s][info][gc] GC(189) Garbage Collection (Allocation Rate) 8M(40%)->8M(40%)
[763.845s][info][gc] GC(190) Garbage Collection (Allocation Rate) 10M(50%)->10M(50%)
[763.952s][info][gc] GC(191) Garbage Collection (Allocation Rate) 10M(50%)->8M(40%)
[764.043s][info][gc] GC(192) Garbage Collection (Allocation Rate) 10M(50%)->10M(50%)
[764.145s][info][gc] GC(193) Garbage Collection (Allocation Rate) 10M(50%)->10M(50%)
[764.243s][info][gc] GC(194) Garbage Collection (Allocation Rate) 10M(50%)->10M(50%)
[764.346s][info][gc] GC(195) Garbage Collection (Allocation Rate) 10M(50%)->10M(50%)
[764.442s][info][gc] GC(196) Garbage Collection (Allocation Rate) 10M(50%)->10M(50%)
[764.545s][info][gc] GC(197) Garbage Collection (Allocation Rate) 10M(50%)->10M(50%)
[764.642s][info][gc] GC(198) Garbage Collection (Allocation Rate) 10M(50%)->10M(50%)
[764.739s][info][gc] GC(199) Garbage Collection (Allocation Rate) 10M(50%)->10M(50%)
[764.840s][info][gc] GC(200) Garbage Collection (Allocation Rate) 10M(50%)->12M(60%)
[764.946s][info][gc] GC(201) Garbage Collection (Allocation Rate) 12M(60%)->10M(50%)
[765.047s][info][gc] GC(202) Garbage Collection (Allocation Rate) 10M(50%)->10M(50%)
[765.140s][info][gc] GC(203) Garbage Collection (Allocation Rate) 10M(50%)->10M(50%)
[766.759s][info][gc] GC(204) Garbage Collection (Proactive) 12M(60%)->10M(50%)
[769.763s][info][gc] GC(205) Garbage Collection (Proactive) 12M(60%)->10M(50%)
[772.759s][info][gc] GC(206) Garbage Collection (Proactive) 12M(60%)->10M(50%)
[775.358s][info][gc] GC(207) Garbage Collection (Proactive) 12M(60%)->10M(50%)
[777.763s][info][gc] GC(208) Garbage Collection (Proactive) 12M(60%)->10M(50%)
[780.458s][info][gc] GC(209) Garbage Collection (Proactive) 12M(60%)->10M(50%)
[782.953s][info][gc] GC(210) Garbage Collection (Proactive) 12M(60%)->10M(50%)
[785.459s][info][gc] GC(211) Garbage Collection (Proactive) 12M(60%)->10M(50%)
[788.059s][info][gc] GC(212) Garbage Collection (Proactive) 12M(60%)->10M(50%)
[790.560s][info][gc] GC(213) Garbage Collection (Proactive) 12M(60%)->10M(50%)
[792.958s][info][gc] GC(214) Garbage Collection (Proactive) 12M(60%)->12M(60%)
[804.051s][info][gc] GC(215) Garbage Collection (Proactive) 14M(70%)->10M(50%)
[806.461s][info][gc] GC(216) Garbage Collection (Proactive) 12M(60%)->10M(50%)
[809.157s][info][gc] GC(217) Garbage Collection (Proactive) 12M(60%)->10M(50%)
[811.656s][info][gc] GC(218) Garbage Collection (Proactive) 12M(60%)->10M(50%)
[813.956s][info][gc] GC(219) Garbage Collection (Proactive) 12M(60%)->10M(50%)
[816.455s][info][gc] GC(220) Garbage Collection (Proactive) 12M(60%)->10M(50%)
[818.958s][info][gc] GC(221) Garbage Collection (Proactive) 12M(60%)->10M(50%)
[821.457s][info][gc] GC(222) Garbage Collection (Proactive) 12M(60%)->10M(50%)
[823.758s][info][gc] GC(223) Garbage Collection (Proactive) 12M(60%)->10M(50%)
[826.053s][info][gc] GC(224) Garbage Collection (Proactive) 12M(60%)->10M(50%)
[828.360s][info][gc] GC(225) Garbage Collection (Proactive) 12M(60%)->10M(50%)
[830.958s][info][gc] GC(226) Garbage Collection (Proactive) 12M(60%)->10M(50%)
[833.355s][info][gc] GC(227) Garbage Collection (Proactive) 12M(60%)->10M(50%)
[835.659s][info][gc] GC(228) Garbage Collection (Proactive) 12M(60%)->10M(50%)
[837.855s][info][gc] GC(229) Garbage Collection (Proactive) 12M(60%)->10M(50%)
[840.059s][info][gc] GC(230) Garbage Collection (Proactive) 12M(60%)->10M(50%)
[842.261s][info][gc] GC(231) Garbage Collection (Proactive) 12M(60%)->10M(50%)
[844.654s][info][gc] GC(232) Garbage Collection (Proactive) 12M(60%)->10M(50%)
[847.058s][info][gc] GC(233) Garbage Collection (Proactive) 12M(60%)->10M(50%)
[849.458s][info][gc] GC(234) Garbage Collection (Proactive) 12M(60%)->10M(50%)
[851.758s][info][gc] GC(235) Garbage Collection (Proactive) 12M(60%)->10M(50%)
[853.957s][info][gc] GC(236) Garbage Collection (Proactive) 12M(60%)->10M(50%)
[856.159s][info][gc] GC(237) Garbage Collection (Proactive) 12M(60%)->10M(50%)
[858.458s][info][gc] GC(238) Garbage Collection (Proactive) 12M(60%)->10M(50%)
[860.943s][info][gc] GC(239) Garbage Collection (Proactive) 12M(60%)->10M(50%)
